<html>
<body>
<pre>
<h1>µVision Build Log</h1>
<h2>Tool Versions:</h2>
IDE-Version: µVision V5.28.0.0
Copyright (C) 2019 ARM Ltd and ARM Germany GmbH. All rights reserved.
License Information: 1 1, 1, LIC=EPPJJ-U193A-670RS-LXGE8-68JHV-1HF1D
 
Tool Versions:
Toolchain:       MDK-ARM Professional  Version: 5.28.0.0
Toolchain Path:  C:\Keil_v5\ARM\ARMCLANG\Bin
C Compiler:      ArmClang.exe V6.12
Assembler:       Armasm.exe V6.12
Linker/Locator:  ArmLink.exe V6.12
Library Manager: ArmAr.exe V6.12
Hex Converter:   FromElf.exe V6.12
CPU DLL:         SARMCM3.DLL V5.28.0.0
Dialog DLL:      DARMCM1.DLL V1.19.2.0
Target DLL:      STLink\ST-LINKIII-KEIL_SWO.dll V3.0.6.0
Dialog DLL:      TARMCM1.DLL V1.14.1.0
 
<h2>Project:</h2>
D:\User\dropbox_nsel16zp\ZERDLab Dropbox\CurrentProject\Generator_Software\Github\STM\Generator\Gen_47.uvprojx
Project File Date:  11/17/2020

<h2>Output:</h2>
*** Using Compiler 'V6.12', folder: 'C:\Keil_v5\ARM\ARMCLANG\Bin'
Build target 'Generator'
Display/superloopDisplay.c(4): warning: In file included from...
./Display/superloopDisplay.h(6): warning: In file included from...
./ugfx_2.9/src\gfx.h(93): warning: In file included from...
./ugfx_2.9/src/gfx_compilers.h(624): warning: '#pragma anon_unions' is an ARM Compiler 5 extension, and is not supported by ARM Compiler 6 [-Warmcc-pragma-anon-unions]
                #pragma anon_unions                                                     // Allow anonymous unions
                        ^
./ugfx_2.9/src/gfx_compilers.h(625): warning: '#pragma diag_remark' is an ARM Compiler 5 extension, and is not supported by ARM Compiler 6 [-Warmcc-pragma-diag]
                #pragma diag_remark 1293                                        // Turn off warning: assignment in condition
                        ^
./ugfx_2.9/src/gfx_compilers.h(626): warning: '#pragma diag_remark' is an ARM Compiler 5 extension, and is not supported by ARM Compiler 6 [-Warmcc-pragma-diag]
                #pragma diag_remark 83                                          // Turn off warning: type qualifier specified more than once
                        ^
./ugfx_2.9/src/gfx_compilers.h(627): warning: '#pragma diag_remark' is an ARM Compiler 5 extension, and is not supported by ARM Compiler 6 [-Warmcc-pragma-diag]
                #pragma diag_remark 767                                         // Turn off warning: conversion from pointer to smaller integer
                        ^
./ugfx_2.9/src/gfx_compilers.h(628): warning: '#pragma diag_remark' is an ARM Compiler 5 extension, and is not supported by ARM Compiler 6 [-Warmcc-pragma-diag]
                #pragma diag_remark 188                                         // Turn off warning: enumerated type mixed with another type
                        ^
./ugfx_2.9/src/gfx_compilers.h(629): warning: '#pragma diag_remark' is an ARM Compiler 5 extension, and is not supported by ARM Compiler 6 [-Warmcc-pragma-diag]
                #pragma diag_remark 68                                          // Turn off warning: integer conversion resulted in a change of sign
                        ^
./ugfx_2.9/src/gfx_compilers.h(630): warning: '#pragma diag_remark' is an ARM Compiler 5 extension, and is not supported by ARM Compiler 6 [-Warmcc-pragma-diag]
                #pragma diag_remark 111                                         // Turn off warning: statement is unreachable
                        ^
Display/superloopDisplay.c(4): warning: In file included from...
./Display/superloopDisplay.h(6): warning: In file included from...
./ugfx_2.9/src/gfx.h(177): warning: In file included from...
./ugfx_2.9/src/gdisp/gdisp.h(54): warning: redefinition of typedef 'gPoint' is a C11 feature [-Wtypedef-redefinition]
} gPoint;
  ^
./ugfx_2.9/src/gmisc/gmisc.h(29): note: previous definition is here
typedef struct gPoint gPoint;
                      ^
Display/superloopDisplay.c(4): warning: In file included from...
./Display/superloopDisplay.h(6): warning: In file included from...
./ugfx_2.9/src/gfx.h(178): warning: In file included from...
./ugfx_2.9/src/gwin/gwin.h(60): warning: redefinition of typedef 'GHandle' is a C11 feature [-Wtypedef-redefinition]
} GWindowObject, * GHandle;
                   ^
./ugfx_2.9/src/gwin/gwin.h(33): note: previous definition is here
typedef struct GWindowObject *GHandle;
                              ^
Display/superloopDisplay.c(6): warning: In file included from...
./PowerModes\board_PowerModes.h(6): warning: In file included from...
./Player\superloop_Player.h(7): warning: In file included from...
./Communications\SuperLoop_Comm.h(5): warning: In file included from...
./W25QXX\w25qxx.h(2): warning: In file included from...
./User/inc\BoardSetup.h(65): warning: redefinition of typedef 'systemticks_t' is a C11 feature [-Wtypedef-redefinition]
typedef uint32_t systemticks_t;
                 ^
./ugfx_2.9/src/gos/gos.h(504): note: previous definition is here
        typedef gTicks                  systemticks_t;
                                        ^
Display/superloopDisplay.c(405): warning: passing 'uint8_t [9]' to parameter of type 'const char *' converts between pointers to integer types with different sign [-Wpointer-sign]
                        gwinSetText(ghLabel6,fileTimeArr,gTrue);
                                             ^~~~~~~~~~~
./ugfx_2.9/src/gwin/gwin_widget.h(218): note: passing argument to parameter 'text' here
void gwinSetText(GHandle gh, const char *text, gBool useAlloc);
                                         ^
Display/superloopDisplay.c(434): warning: passing 'uint8_t [9]' to parameter of type 'const char *' converts between pointers to integer types with different sign [-Wpointer-sign]
                gwinSetText(ghLabel7,totalTimeArr,gTrue);
                                     ^~~~~~~~~~~~
./ugfx_2.9/src/gwin/gwin_widget.h(218): note: passing argument to parameter 'text' here
void gwinSetText(GHandle gh, const char *text, gBool useAlloc);
                                         ^
12 warnings generated.
compiling superloopDisplay.c...
linking...
Program Size: Code=29840 RO-data=5852 RW-data=52 ZI-data=6644  
FromELF: creating hex file...
".\Objects\Gen.axf" - 0 Error(s), 12 Warning(s).

<h2>Software Packages used:</h2>

Package Vendor: Keil
                http://www.keil.com/pack/Keil.STM32G0xx_DFP.1.2.0.pack
                Keil.STM32G0xx_DFP.1.2.0
                STMicroelectronics STM32G0 Series Device Support

<h2>Collection of Component include folders:</h2>
  .\RTE\_Generator
  C:\Users\RD\AppData\Local\Arm\Packs\Keil\STM32G0xx_DFP\1.2.0\Drivers\CMSIS\Device\ST\STM32G0xx\Include

<h2>Collection of Component Files used:</h2>
Build Time Elapsed:  00:00:01
</pre>
</body>
</html>
