<html>
<body>
<pre>
<h1>µVision Build Log</h1>
<h2>Tool Versions:</h2>
IDE-Version: µVision V5.28.0.0
Copyright (C) 2019 ARM Ltd and ARM Germany GmbH. All rights reserved.
License Information: 1 1, 1, LIC=2TTQD-8XRTT-HRTXN-YV1RZ-UZXPB-2VWER
 
Tool Versions:
Toolchain:       MDK-ARM Professional  Version: 5.28.0.0
Toolchain Path:  D:\Keil_v5\ARM\ARMCLANG\Bin
C Compiler:      ArmClang.exe V6.12
Assembler:       Armasm.exe V6.12
Linker/Locator:  ArmLink.exe V6.12
Library Manager: ArmAr.exe V6.12
Hex Converter:   FromElf.exe V6.12
CPU DLL:         SARMCM3.DLL V5.28.0.0
Dialog DLL:      DARMCM1.DLL V1.19.2.0
Target DLL:      UL2CM3.DLL V1.162.16.0
Dialog DLL:      TARMCM1.DLL V1.14.1.0
 
<h2>Project:</h2>
D:\user\github\Generator\KeilProject070\Generator070.uvprojx
Project File Date:  11/24/2020

<h2>Output:</h2>
*** Using Compiler 'V6.12', folder: 'D:\Keil_v5\ARM\ARMCLANG\Bin'
Build target 'Target 1'
../User/src/BoardSetup.c(10): warning: In file included from...
../User/inc\BoardSetup.h(6): warning: In file included from...
../ugfx_2.9/src\gfx.h(93): warning: In file included from...
../ugfx_2.9/src/gfx_compilers.h(624): warning: '#pragma anon_unions' is an ARM Compiler 5 extension, and is not supported by ARM Compiler 6 [-Warmcc-pragma-anon-unions]
                #pragma anon_unions                                                     // Allow anonymous unions
                        ^
../ugfx_2.9/src/gfx_compilers.h(625): warning: '#pragma diag_remark' is an ARM Compiler 5 extension, and is not supported by ARM Compiler 6 [-Warmcc-pragma-diag]
                #pragma diag_remark 1293                                        // Turn off warning: assignment in condition
                        ^
../ugfx_2.9/src/gfx_compilers.h(626): warning: '#pragma diag_remark' is an ARM Compiler 5 extension, and is not supported by ARM Compiler 6 [-Warmcc-pragma-diag]
                #pragma diag_remark 83                                          // Turn off warning: type qualifier specified more than once
                        ^
../ugfx_2.9/src/gfx_compilers.h(627): warning: '#pragma diag_remark' is an ARM Compiler 5 extension, and is not supported by ARM Compiler 6 [-Warmcc-pragma-diag]
                #pragma diag_remark 767                                         // Turn off warning: conversion from pointer to smaller integer
                        ^
../ugfx_2.9/src/gfx_compilers.h(628): warning: '#pragma diag_remark' is an ARM Compiler 5 extension, and is not supported by ARM Compiler 6 [-Warmcc-pragma-diag]
                #pragma diag_remark 188                                         // Turn off warning: enumerated type mixed with another type
                        ^
../ugfx_2.9/src/gfx_compilers.h(629): warning: '#pragma diag_remark' is an ARM Compiler 5 extension, and is not supported by ARM Compiler 6 [-Warmcc-pragma-diag]
                #pragma diag_remark 68                                          // Turn off warning: integer conversion resulted in a change of sign
                        ^
../ugfx_2.9/src/gfx_compilers.h(630): warning: '#pragma diag_remark' is an ARM Compiler 5 extension, and is not supported by ARM Compiler 6 [-Warmcc-pragma-diag]
                #pragma diag_remark 111                                         // Turn off warning: statement is unreachable
                        ^
../User/src/BoardSetup.c(10): warning: In file included from...
../User/inc\BoardSetup.h(6): warning: In file included from...
../ugfx_2.9/src/gfx.h(177): warning: In file included from...
../ugfx_2.9/src/gdisp/gdisp.h(54): warning: redefinition of typedef 'gPoint' is a C11 feature [-Wtypedef-redefinition]
} gPoint;
  ^
../ugfx_2.9/src/gmisc/gmisc.h(29): note: previous definition is here
typedef struct gPoint gPoint;
                      ^
../User/src/BoardSetup.c(10): warning: In file included from...
../User/inc\BoardSetup.h(6): warning: In file included from...
../ugfx_2.9/src/gfx.h(178): warning: In file included from...
../ugfx_2.9/src/gwin/gwin.h(60): warning: redefinition of typedef 'GHandle' is a C11 feature [-Wtypedef-redefinition]
} GWindowObject, * GHandle;
                   ^
../ugfx_2.9/src/gwin/gwin.h(33): note: previous definition is here
typedef struct GWindowObject *GHandle;
                              ^
../User/src/BoardSetup.c(10): warning: In file included from...
../User/inc\BoardSetup.h(65): warning: redefinition of typedef 'systemticks_t' is a C11 feature [-Wtypedef-redefinition]
typedef uint32_t systemticks_t;
                 ^
../ugfx_2.9/src/gos/gos.h(504): note: previous definition is here
        typedef gTicks                  systemticks_t;
                                        ^
10 warnings generated.
compiling BoardSetup.c...
../PowerModes/board_PowerModes.c(3): warning: In file included from...
../PowerModes/board_PowerModes.h(5): warning: In file included from...
../Display\superloopDisplay.h(6): warning: In file included from...
../ugfx_2.9/src\gfx.h(93): warning: In file included from...
../ugfx_2.9/src/gfx_compilers.h(624): warning: '#pragma anon_unions' is an ARM Compiler 5 extension, and is not supported by ARM Compiler 6 [-Warmcc-pragma-anon-unions]
                #pragma anon_unions                                                     // Allow anonymous unions
                        ^
../ugfx_2.9/src/gfx_compilers.h(625): warning: '#pragma diag_remark' is an ARM Compiler 5 extension, and is not supported by ARM Compiler 6 [-Warmcc-pragma-diag]
                #pragma diag_remark 1293                                        // Turn off warning: assignment in condition
                        ^
../ugfx_2.9/src/gfx_compilers.h(626): warning: '#pragma diag_remark' is an ARM Compiler 5 extension, and is not supported by ARM Compiler 6 [-Warmcc-pragma-diag]
                #pragma diag_remark 83                                          // Turn off warning: type qualifier specified more than once
                        ^
../ugfx_2.9/src/gfx_compilers.h(627): warning: '#pragma diag_remark' is an ARM Compiler 5 extension, and is not supported by ARM Compiler 6 [-Warmcc-pragma-diag]
                #pragma diag_remark 767                                         // Turn off warning: conversion from pointer to smaller integer
                        ^
../ugfx_2.9/src/gfx_compilers.h(628): warning: '#pragma diag_remark' is an ARM Compiler 5 extension, and is not supported by ARM Compiler 6 [-Warmcc-pragma-diag]
                #pragma diag_remark 188                                         // Turn off warning: enumerated type mixed with another type
                        ^
../ugfx_2.9/src/gfx_compilers.h(629): warning: '#pragma diag_remark' is an ARM Compiler 5 extension, and is not supported by ARM Compiler 6 [-Warmcc-pragma-diag]
                #pragma diag_remark 68                                          // Turn off warning: integer conversion resulted in a change of sign
                        ^
../ugfx_2.9/src/gfx_compilers.h(630): warning: '#pragma diag_remark' is an ARM Compiler 5 extension, and is not supported by ARM Compiler 6 [-Warmcc-pragma-diag]
                #pragma diag_remark 111                                         // Turn off warning: statement is unreachable
                        ^
../PowerModes/board_PowerModes.c(3): warning: In file included from...
../PowerModes/board_PowerModes.h(5): warning: In file included from...
../Display\superloopDisplay.h(6): warning: In file included from...
../ugfx_2.9/src/gfx.h(177): warning: In file included from...
../ugfx_2.9/src/gdisp/gdisp.h(54): warning: redefinition of typedef 'gPoint' is a C11 feature [-Wtypedef-redefinition]
} gPoint;
  ^
../ugfx_2.9/src/gmisc/gmisc.h(29): note: previous definition is here
typedef struct gPoint gPoint;
                      ^
../PowerModes/board_PowerModes.c(3): warning: In file included from...
../PowerModes/board_PowerModes.h(5): warning: In file included from...
../Display\superloopDisplay.h(6): warning: In file included from...
../ugfx_2.9/src/gfx.h(178): warning: In file included from...
../ugfx_2.9/src/gwin/gwin.h(60): warning: redefinition of typedef 'GHandle' is a C11 feature [-Wtypedef-redefinition]
} GWindowObject, * GHandle;
                   ^
../ugfx_2.9/src/gwin/gwin.h(33): note: previous definition is here
typedef struct GWindowObject *GHandle;
                              ^
../PowerModes/board_PowerModes.c(3): warning: In file included from...
../PowerModes/board_PowerModes.h(6): warning: In file included from...
../Player\superloop_Player.h(7): warning: In file included from...
../Communications\SuperLoop_Comm.h(5): warning: In file included from...
../W25QXX\w25qxx.h(2): warning: In file included from...
../User/inc\BoardSetup.h(65): warning: redefinition of typedef 'systemticks_t' is a C11 feature [-Wtypedef-redefinition]
typedef uint32_t systemticks_t;
                 ^
../ugfx_2.9/src/gos/gos.h(504): note: previous definition is here
        typedef gTicks                  systemticks_t;
                                        ^
../PowerModes/board_PowerModes.c(3): warning: In file included from...
../PowerModes/board_PowerModes.h(5): warning: In file included from...
../Display\superloopDisplay.h(16): warning: inline function 'SLD_FSMState' is not defined [-Wundefined-inline]
extern __inline e_FSMState_SuperLoopDisplay SLD_FSMState(void);
                                            ^
../PowerModes/board_PowerModes.c(95): note: used here
                           if (!(SLD_FSMState()||SLPl_FSMState()))
                                 ^
../PowerModes/board_PowerModes.c(3): warning: In file included from...
../PowerModes/board_PowerModes.h(6): warning: In file included from...
../Player\SuperLoop_Player.h(12): warning: inline function 'SLPl_FSMState' is not defined [-Wundefined-inline]
extern __inline e_FSMState_SuperLoopPlayer SLPl_FSMState(void);
                                           ^
../PowerModes/board_PowerModes.c(95): note: used here
                           if (!(SLD_FSMState()||SLPl_FSMState()))
                                                 ^
12 warnings generated.
compiling board_PowerModes.c...
linking...
Program Size: Code=29840 RO-data=5844 RW-data=52 ZI-data=6900  
".\Objects\Generator070.axf" - 0 Error(s), 22 Warning(s).

<h2>Software Packages used:</h2>

Package Vendor: ARM
                http://www.keil.com/pack/ARM.CMSIS.5.7.0.pack
                ARM.CMSIS.5.7.0
                CMSIS (Cortex Microcontroller Software Interface Standard)
   * Component: CORE Version: 5.4.0

Package Vendor: Keil
                http://www.keil.com/pack/Keil.STM32G0xx_DFP.1.2.0.pack
                Keil.STM32G0xx_DFP.1.2.0
                STMicroelectronics STM32G0 Series Device Support
   * Component: Startup Version: 1.3.0

<h2>Collection of Component include folders:</h2>
  .\RTE\_Target_1
  d:\Keil_v5\ARM\PACK\ARM\CMSIS\5.7.0\CMSIS\Core\Include
  d:\Keil_v5\ARM\PACK\Keil\STM32G0xx_DFP\1.2.0\Drivers\CMSIS\Device\ST\STM32G0xx\Include

<h2>Collection of Component Files used:</h2>

   * Component: ARM::CMSIS:CORE:5.4.0

   * Component: Keil::Device:Startup:1.3.0
      Source file:   MDK\Device\Source\ARM\STM32G0x0_OPT.s
      Include file:  Drivers\CMSIS\Device\ST\STM32G0xx\Include\stm32g0xx.h
      Source file:   Drivers\CMSIS\Device\ST\STM32G0xx\Source\Templates\arm\startup_stm32g070xx.s
      Source file:   Drivers\CMSIS\Device\ST\STM32G0xx\Source\Templates\system_stm32g0xx.c
Build Time Elapsed:  00:00:01
</pre>
</body>
</html>
