<html>
<body>
<pre>
<h1>µVision Build Log</h1>
<h2>Tool Versions:</h2>
IDE-Version: µVision V5.28.0.0
Copyright (C) 2019 ARM Ltd and ARM Germany GmbH. All rights reserved.
License Information: 1 1, 1, LIC=2TTQD-8XRTT-HRTXN-YV1RZ-UZXPB-2VWER
 
Tool Versions:
Toolchain:       MDK-ARM Professional  Version: 5.28.0.0
Toolchain Path:  D:\Keil_v5\ARM\ARMCLANG\Bin
C Compiler:      ArmClang.exe V6.12
Assembler:       Armasm.exe V6.12
Linker/Locator:  ArmLink.exe V6.12
Library Manager: ArmAr.exe V6.12
Hex Converter:   FromElf.exe V6.12
CPU DLL:         SARMCM3.DLL V5.28.0.0
Dialog DLL:      DARMCM1.DLL V1.19.2.0
Target DLL:      STLink\ST-LINKIII-KEIL_SWO.dll V3.0.6.0
Dialog DLL:      TARMCM1.DLL V1.14.1.0
 
<h2>Project:</h2>
D:\user\github\Generator\KeilProgect030\Gen_47.uvprojx
Project File Date:  11/24/2020

<h2>Output:</h2>
*** Using Compiler 'V6.12', folder: 'D:\Keil_v5\ARM\ARMCLANG\Bin'
Build target 'Generator'
../ugfx_2.9/drivers/ginput/touch/FT6x06/gmouse_lld_FT6x06.c(8): warning: In file included from...
../ugfx_2.9/src\gfx.h(93): warning: In file included from...
../ugfx_2.9/src/gfx_compilers.h(624): warning: '#pragma anon_unions' is an ARM Compiler 5 extension, and is not supported by ARM Compiler 6 [-Warmcc-pragma-anon-unions]
                #pragma anon_unions                                                     // Allow anonymous unions
                        ^
../ugfx_2.9/src/gfx_compilers.h(625): warning: '#pragma diag_remark' is an ARM Compiler 5 extension, and is not supported by ARM Compiler 6 [-Warmcc-pragma-diag]
                #pragma diag_remark 1293                                        // Turn off warning: assignment in condition
                        ^
../ugfx_2.9/src/gfx_compilers.h(626): warning: '#pragma diag_remark' is an ARM Compiler 5 extension, and is not supported by ARM Compiler 6 [-Warmcc-pragma-diag]
                #pragma diag_remark 83                                          // Turn off warning: type qualifier specified more than once
                        ^
../ugfx_2.9/src/gfx_compilers.h(627): warning: '#pragma diag_remark' is an ARM Compiler 5 extension, and is not supported by ARM Compiler 6 [-Warmcc-pragma-diag]
                #pragma diag_remark 767                                         // Turn off warning: conversion from pointer to smaller integer
                        ^
../ugfx_2.9/src/gfx_compilers.h(628): warning: '#pragma diag_remark' is an ARM Compiler 5 extension, and is not supported by ARM Compiler 6 [-Warmcc-pragma-diag]
                #pragma diag_remark 188                                         // Turn off warning: enumerated type mixed with another type
                        ^
../ugfx_2.9/src/gfx_compilers.h(629): warning: '#pragma diag_remark' is an ARM Compiler 5 extension, and is not supported by ARM Compiler 6 [-Warmcc-pragma-diag]
                #pragma diag_remark 68                                          // Turn off warning: integer conversion resulted in a change of sign
                        ^
../ugfx_2.9/src/gfx_compilers.h(630): warning: '#pragma diag_remark' is an ARM Compiler 5 extension, and is not supported by ARM Compiler 6 [-Warmcc-pragma-diag]
                #pragma diag_remark 111                                         // Turn off warning: statement is unreachable
                        ^
../ugfx_2.9/drivers/ginput/touch/FT6x06/gmouse_lld_FT6x06.c(8): warning: In file included from...
../ugfx_2.9/src/gfx.h(177): warning: In file included from...
../ugfx_2.9/src/gdisp/gdisp.h(54): warning: redefinition of typedef 'gPoint' is a C11 feature [-Wtypedef-redefinition]
} gPoint;
  ^
../ugfx_2.9/src/gmisc/gmisc.h(29): note: previous definition is here
typedef struct gPoint gPoint;
                      ^
../ugfx_2.9/drivers/ginput/touch/FT6x06/gmouse_lld_FT6x06.c(8): warning: In file included from...
../ugfx_2.9/src/gfx.h(178): warning: In file included from...
../ugfx_2.9/src/gwin/gwin.h(60): warning: redefinition of typedef 'GHandle' is a C11 feature [-Wtypedef-redefinition]
} GWindowObject, * GHandle;
                   ^
../ugfx_2.9/src/gwin/gwin.h(33): note: previous definition is here
typedef struct GWindowObject *GHandle;
                              ^
../ugfx_2.9/drivers/ginput/touch/FT6x06/gmouse_lld_FT6x06.c(15): warning: In file included from...
../ugfx_2.9/drivers/ginput/touch/FT6x06/../../../../src/ginput/ginput_driver_mouse.h(23): warning: In file included from...
../ugfx_2.9/src/ginput/../gdriver/gdriver.h(90): warning: duplicate 'const' declaration specifier [-Wduplicate-decl-specifier]
typedef const struct GDriverVMT const   GDriverVMTList[1];
                                ^
../ugfx_2.9/drivers/ginput/touch/FT6x06/gmouse_lld_FT6x06.c(18): warning: In file included from...
../ugfx_2.9/drivers/ginput/touch/FT6x06/gmouse_lld_FT6x06_board.h(11): warning: In file included from...
../DriversCommon\I2C2.h(4): warning: In file included from...
../User/inc\BoardSetup.h(65): warning: redefinition of typedef 'systemticks_t' is a C11 feature [-Wtypedef-redefinition]
typedef uint32_t systemticks_t;
                 ^
../ugfx_2.9/src/gos/gos.h(504): note: previous definition is here
        typedef gTicks                  systemticks_t;
                                        ^
../ugfx_2.9/drivers/ginput/touch/FT6x06/gmouse_lld_FT6x06.c(18): warning: In file included from...
../ugfx_2.9/drivers/ginput/touch/FT6x06/gmouse_lld_FT6x06_board.h(65): warning: while loop has empty body [-Wempty-body]
          while (getI2c2Status()!=I2C_IDLE);
                                           ^
../ugfx_2.9/drivers/ginput/touch/FT6x06/gmouse_lld_FT6x06_board.h(65): note: put the semicolon on a separate line to silence this warning
../ugfx_2.9/drivers/ginput/touch/FT6x06/gmouse_lld_FT6x06.c(104): warning: duplicate 'const' declaration specifier [-Wduplicate-decl-specifier]
const GMouseVMT const GMOUSE_DRIVER_VMT[1] = {{
                ^
13 warnings generated.
compiling gmouse_lld_FT6x06.c...
../ugfx_2.9/drivers/gdisp/ILI9341/gdisp_lld_ILI9341.c(8): warning: In file included from...
../ugfx_2.9/src\gfx.h(93): warning: In file included from...
../ugfx_2.9/src/gfx_compilers.h(624): warning: '#pragma anon_unions' is an ARM Compiler 5 extension, and is not supported by ARM Compiler 6 [-Warmcc-pragma-anon-unions]
                #pragma anon_unions                                                     // Allow anonymous unions
                        ^
../ugfx_2.9/src/gfx_compilers.h(625): warning: '#pragma diag_remark' is an ARM Compiler 5 extension, and is not supported by ARM Compiler 6 [-Warmcc-pragma-diag]
                #pragma diag_remark 1293                                        // Turn off warning: assignment in condition
                        ^
../ugfx_2.9/src/gfx_compilers.h(626): warning: '#pragma diag_remark' is an ARM Compiler 5 extension, and is not supported by ARM Compiler 6 [-Warmcc-pragma-diag]
                #pragma diag_remark 83                                          // Turn off warning: type qualifier specified more than once
                        ^
../ugfx_2.9/src/gfx_compilers.h(627): warning: '#pragma diag_remark' is an ARM Compiler 5 extension, and is not supported by ARM Compiler 6 [-Warmcc-pragma-diag]
                #pragma diag_remark 767                                         // Turn off warning: conversion from pointer to smaller integer
                        ^
../ugfx_2.9/src/gfx_compilers.h(628): warning: '#pragma diag_remark' is an ARM Compiler 5 extension, and is not supported by ARM Compiler 6 [-Warmcc-pragma-diag]
                #pragma diag_remark 188                                         // Turn off warning: enumerated type mixed with another type
                        ^
../ugfx_2.9/src/gfx_compilers.h(629): warning: '#pragma diag_remark' is an ARM Compiler 5 extension, and is not supported by ARM Compiler 6 [-Warmcc-pragma-diag]
                #pragma diag_remark 68                                          // Turn off warning: integer conversion resulted in a change of sign
                        ^
../ugfx_2.9/src/gfx_compilers.h(630): warning: '#pragma diag_remark' is an ARM Compiler 5 extension, and is not supported by ARM Compiler 6 [-Warmcc-pragma-diag]
                #pragma diag_remark 111                                         // Turn off warning: statement is unreachable
                        ^
../ugfx_2.9/drivers/gdisp/ILI9341/gdisp_lld_ILI9341.c(8): warning: In file included from...
../ugfx_2.9/src/gfx.h(177): warning: In file included from...
../ugfx_2.9/src/gdisp/gdisp.h(54): warning: redefinition of typedef 'gPoint' is a C11 feature [-Wtypedef-redefinition]
} gPoint;
  ^
../ugfx_2.9/src/gmisc/gmisc.h(29): note: previous definition is here
typedef struct gPoint gPoint;
                      ^
../ugfx_2.9/drivers/gdisp/ILI9341/gdisp_lld_ILI9341.c(8): warning: In file included from...
../ugfx_2.9/src/gfx.h(178): warning: In file included from...
../ugfx_2.9/src/gwin/gwin.h(60): warning: redefinition of typedef 'GHandle' is a C11 feature [-Wtypedef-redefinition]
} GWindowObject, * GHandle;
                   ^
../ugfx_2.9/src/gwin/gwin.h(33): note: previous definition is here
typedef struct GWindowObject *GHandle;
                              ^
../ugfx_2.9/drivers/gdisp/ILI9341/gdisp_lld_ILI9341.c(24): warning: In file included from...
../ugfx_2.9/drivers/gdisp/ILI9341/../../../src/gdisp/gdisp_driver.h(22): warning: In file included from...
../ugfx_2.9/src/gdisp/../gdriver/gdriver.h(90): warning: duplicate 'const' declaration specifier [-Wduplicate-decl-specifier]
typedef const struct GDriverVMT const   GDriverVMTList[1];
                                ^
../ugfx_2.9/drivers/gdisp/ILI9341/gdisp_lld_ILI9341.c(24): warning: In file included from...
../ugfx_2.9/drivers/gdisp/ILI9341/../../../src/gdisp/gdisp_driver.h(735): warning: duplicate 'const' declaration specifier [-Wduplicate-decl-specifier]
        const GDISPVMT const GDISP_DRIVER_VMT[1] = {{
                       ^
../ugfx_2.9/drivers/gdisp/ILI9341/gdisp_lld_ILI9341.c(26): warning: In file included from...
../ugfx_2.9/drivers/gdisp/ILI9341/board_ILI9341.h(11): warning: In file included from...
../User/inc\BoardSetup.h(65): warning: redefinition of typedef 'systemticks_t' is a C11 feature [-Wtypedef-redefinition]
typedef uint32_t systemticks_t;
                 ^
../ugfx_2.9/src/gos/gos.h(504): note: previous definition is here
        typedef gTicks                  systemticks_t;
                                        ^
12 warnings generated.
compiling gdisp_lld_ILI9341.c...
../ugfx_2.9/src/gfx_mk.c(14): warning: In file included from...
../ugfx_2.9/src/gfx.c(16): warning: In file included from...
../ugfx_2.9/src/../gfx.h(7): warning: In file included from...
../ugfx_2.9/src/gfx.h(93): warning: In file included from...
../ugfx_2.9/src/gfx_compilers.h(624): warning: '#pragma anon_unions' is an ARM Compiler 5 extension, and is not supported by ARM Compiler 6 [-Warmcc-pragma-anon-unions]
                #pragma anon_unions                                                     // Allow anonymous unions
                        ^
../ugfx_2.9/src/gfx_compilers.h(625): warning: '#pragma diag_remark' is an ARM Compiler 5 extension, and is not supported by ARM Compiler 6 [-Warmcc-pragma-diag]
                #pragma diag_remark 1293                                        // Turn off warning: assignment in condition
                        ^
../ugfx_2.9/src/gfx_compilers.h(626): warning: '#pragma diag_remark' is an ARM Compiler 5 extension, and is not supported by ARM Compiler 6 [-Warmcc-pragma-diag]
                #pragma diag_remark 83                                          // Turn off warning: type qualifier specified more than once
                        ^
../ugfx_2.9/src/gfx_compilers.h(627): warning: '#pragma diag_remark' is an ARM Compiler 5 extension, and is not supported by ARM Compiler 6 [-Warmcc-pragma-diag]
                #pragma diag_remark 767                                         // Turn off warning: conversion from pointer to smaller integer
                        ^
../ugfx_2.9/src/gfx_compilers.h(628): warning: '#pragma diag_remark' is an ARM Compiler 5 extension, and is not supported by ARM Compiler 6 [-Warmcc-pragma-diag]
                #pragma diag_remark 188                                         // Turn off warning: enumerated type mixed with another type
                        ^
../ugfx_2.9/src/gfx_compilers.h(629): warning: '#pragma diag_remark' is an ARM Compiler 5 extension, and is not supported by ARM Compiler 6 [-Warmcc-pragma-diag]
                #pragma diag_remark 68                                          // Turn off warning: integer conversion resulted in a change of sign
                        ^
../ugfx_2.9/src/gfx_compilers.h(630): warning: '#pragma diag_remark' is an ARM Compiler 5 extension, and is not supported by ARM Compiler 6 [-Warmcc-pragma-diag]
                #pragma diag_remark 111                                         // Turn off warning: statement is unreachable
                        ^
../ugfx_2.9/src/gfx_mk.c(14): warning: In file included from...
../ugfx_2.9/src/gfx.c(16): warning: In file included from...
../ugfx_2.9/src/gdisp/../../gfx.h(7): warning: In file included from...
../ugfx_2.9/src/gfx.h(177): warning: In file included from...
../ugfx_2.9/src/gdisp/gdisp.h(54): warning: redefinition of typedef 'gPoint' is a C11 feature [-Wtypedef-redefinition]
} gPoint;
  ^
../ugfx_2.9/src/gmisc/gmisc.h(29): note: previous definition is here
typedef struct gPoint gPoint;
                      ^
../ugfx_2.9/src/gfx_mk.c(14): warning: In file included from...
../ugfx_2.9/src/gfx.c(16): warning: In file included from...
../ugfx_2.9/src/gwin/../../gfx.h(7): warning: In file included from...
../ugfx_2.9/src/gfx.h(178): warning: In file included from...
../ugfx_2.9/src/gwin/gwin.h(60): warning: redefinition of typedef 'GHandle' is a C11 feature [-Wtypedef-redefinition]
} GWindowObject, * GHandle;
                   ^
../ugfx_2.9/src/gwin/gwin.h(33): note: previous definition is here
typedef struct GWindowObject *GHandle;
                              ^
../ugfx_2.9/src/gfx_mk.c(15): warning: In file included from...
../ugfx_2.9/src/gos/gos_mk.c(14): warning: In file included from...
../ugfx_2.9/src/gos/gos_raw32.c(30): warning: "GOS: Raw32 - Make sure you initialize your hardware and the C runtime before calling gfxInit() in your application!" [-W#warnings]
                        #warning "GOS: Raw32 - Make sure you initialize your hardware and the C runtime before calling gfxInit() in your application!"
                         ^
../ugfx_2.9/src/gfx_mk.c(16): warning: In file included from...
../ugfx_2.9/src/gdriver/gdriver_mk.c(8): warning: In file included from...
../ugfx_2.9/src/gdriver/gdriver.c(12): warning: In file included from...
../ugfx_2.9/src/gdriver/gdriver.h(90): warning: duplicate 'const' declaration specifier [-Wduplicate-decl-specifier]
typedef const struct GDriverVMT const   GDriverVMTList[1];
                                ^
../ugfx_2.9/src/gfx_mk.c(18): warning: In file included from...
../ugfx_2.9/src/gdisp/gdisp_mk.c(21): warning: In file included from...
../ugfx_2.9/src/gdisp/gdisp.c(586): warning: duplicate 'const' declaration specifier [-Wduplicate-decl-specifier]
                        extern const GDISPVMT const             GDISPVMT_OnlyOne[1];
                                              ^
../ugfx_2.9/src/gfx_mk.c(21): warning: In file included from...
../ugfx_2.9/src/gwin/gwin_mk.c(19): warning: In file included from...
../ugfx_2.9/src/gwin/gwin_list.c(751): warning: "GWIN: Lists display better when GDISP_NEED_CONVEX_POLYGON is turned on" [-W#warnings]
                                #warning "GWIN: Lists display better when GDISP_NEED_CONVEX_POLYGON is turned on"
                                 ^
../ugfx_2.9/src/gfx_mk.c(22): warning: In file included from...
../ugfx_2.9/src/ginput/ginput_mk.c(9): warning: In file included from...
../ugfx_2.9/src/ginput/ginput_mouse.c(107): warning: duplicate 'const' declaration specifier [-Wduplicate-decl-specifier]
                pe->type = (gmvmt(m)->d.flags & GMOUSE_VFLG_TOUCH) ? GEVENT_TOUCH : GEVENT_MOUSE;
                            ^
../ugfx_2.9/src/ginput/ginput_driver_mouse.h(95): note: expanded from macro 'gmvmt'
#define gmvmt(m)                ((const GMouseVMT const *)((m)->d.vmt))
                                                  ^
../ugfx_2.9/src/gfx_mk.c(22): warning: In file included from...
../ugfx_2.9/src/ginput/ginput_mk.c(9): warning: In file included from...
../ugfx_2.9/src/ginput/ginput_mouse.c(126): warning: duplicate 'const' declaration specifier [-Wduplicate-decl-specifier]
                if (!gmvmt(m)->get(m, &r))
                     ^
../ugfx_2.9/src/ginput/ginput_driver_mouse.h(95): note: expanded from macro 'gmvmt'
#define gmvmt(m)                ((const GMouseVMT const *)((m)->d.vmt))
                                                  ^
../ugfx_2.9/src/gfx_mk.c(22): warning: In file included from...
../ugfx_2.9/src/ginput/ginput_mk.c(9): warning: In file included from...
../ugfx_2.9/src/ginput/ginput_mouse.c(137): warning: duplicate 'const' declaration specifier [-Wduplicate-decl-specifier]
                        if ((gmvmt(m)->d.flags & GMOUSE_VFLG_TOUCH)) {
                             ^
../ugfx_2.9/src/ginput/ginput_driver_mouse.h(95): note: expanded from macro 'gmvmt'
#define gmvmt(m)                ((const GMouseVMT const *)((m)->d.vmt))
                                                  ^
../ugfx_2.9/src/gfx_mk.c(22): warning: In file included from...
../ugfx_2.9/src/ginput/ginput_mk.c(9): warning: In file included from...
../ugfx_2.9/src/ginput/ginput_mouse.c(138): warning: duplicate 'const' declaration specifier [-Wduplicate-decl-specifier]
                                if (gmvmt(m)->z_min <= gmvmt(m)->z_max) {
                                    ^
../ugfx_2.9/src/ginput/ginput_driver_mouse.h(95): note: expanded from macro 'gmvmt'
#define gmvmt(m)                ((const GMouseVMT const *)((m)->d.vmt))
                                                  ^
../ugfx_2.9/src/gfx_mk.c(22): warning: In file included from...
../ugfx_2.9/src/ginput/ginput_mk.c(9): warning: In file included from...
../ugfx_2.9/src/ginput/ginput_mouse.c(138): warning: duplicate 'const' declaration specifier [-Wduplicate-decl-specifier]
                                if (gmvmt(m)->z_min <= gmvmt(m)->z_max) {
                                                       ^
../ugfx_2.9/src/ginput/ginput_driver_mouse.h(95): note: expanded from macro 'gmvmt'
#define gmvmt(m)                ((const GMouseVMT const *)((m)->d.vmt))
                                                  ^
../ugfx_2.9/src/gfx_mk.c(22): warning: In file included from...
../ugfx_2.9/src/ginput/ginput_mk.c(9): warning: In file included from...
../ugfx_2.9/src/ginput/ginput_mouse.c(139): warning: duplicate 'const' declaration specifier [-Wduplicate-decl-specifier]
                                        if (r.z >= gmvmt(m)->z_touchon)                 r.buttons |= GINPUT_MOUSE_BTN_LEFT;
                                                   ^
../ugfx_2.9/src/ginput/ginput_driver_mouse.h(95): note: expanded from macro 'gmvmt'
#define gmvmt(m)                ((const GMouseVMT const *)((m)->d.vmt))
                                                  ^
../ugfx_2.9/src/gfx_mk.c(22): warning: In file included from...
../ugfx_2.9/src/ginput/ginput_mk.c(9): warning: In file included from...
../ugfx_2.9/src/ginput/ginput_mouse.c(140): warning: duplicate 'const' declaration specifier [-Wduplicate-decl-specifier]
                                        else if (r.z <= gmvmt(m)->z_touchoff)   r.buttons &= ~GINPUT_MOUSE_BTN_LEFT;
                                                        ^
../ugfx_2.9/src/ginput/ginput_driver_mouse.h(95): note: expanded from macro 'gmvmt'
#define gmvmt(m)                ((const GMouseVMT const *)((m)->d.vmt))
                                                  ^
../ugfx_2.9/src/gfx_mk.c(22): warning: In file included from...
../ugfx_2.9/src/ginput/ginput_mk.c(9): warning: In file included from...
../ugfx_2.9/src/ginput/ginput_mouse.c(143): warning: duplicate 'const' declaration specifier [-Wduplicate-decl-specifier]
                                        if (r.z <= gmvmt(m)->z_touchon)                 r.buttons |= GINPUT_MOUSE_BTN_LEFT;
                                                   ^
../ugfx_2.9/src/ginput/ginput_driver_mouse.h(95): note: expanded from macro 'gmvmt'
#define gmvmt(m)                ((const GMouseVMT const *)((m)->d.vmt))
                                                  ^
../ugfx_2.9/src/gfx_mk.c(22): warning: In file included from...
../ugfx_2.9/src/ginput/ginput_mk.c(9): warning: In file included from...
../ugfx_2.9/src/ginput/ginput_mouse.c(144): warning: duplicate 'const' declaration specifier [-Wduplicate-decl-specifier]
                                        else if (r.z >= gmvmt(m)->z_touchoff)   r.buttons &= ~GINPUT_MOUSE_BTN_LEFT;
                                                        ^
../ugfx_2.9/src/ginput/ginput_driver_mouse.h(95): note: expanded from macro 'gmvmt'
#define gmvmt(m)                ((const GMouseVMT const *)((m)->d.vmt))
                                                  ^
../ugfx_2.9/src/gfx_mk.c(22): warning: In file included from...
../ugfx_2.9/src/ginput/ginput_mk.c(9): warning: In file included from...
../ugfx_2.9/src/ginput/ginput_mouse.c(150): warning: duplicate 'const' declaration specifier [-Wduplicate-decl-specifier]
                        if ((gmvmt(m)->d.flags & GMOUSE_VFLG_POORUPDOWN)) {
                             ^
../ugfx_2.9/src/ginput/ginput_driver_mouse.h(95): note: expanded from macro 'gmvmt'
#define gmvmt(m)                ((const GMouseVMT const *)((m)->d.vmt))
                                                  ^
../ugfx_2.9/src/gfx_mk.c(22): warning: In file included from...
../ugfx_2.9/src/ginput/ginput_mk.c(9): warning: In file included from...
../ugfx_2.9/src/ginput/ginput_mouse.c(185): warning: duplicate 'const' declaration specifier [-Wduplicate-decl-specifier]
                if ((gmvmt(m)->d.flags & GMOUSE_VFLG_ONLY_DOWN) && !(r.buttons & GINPUT_MOUSE_BTN_LEFT)) {
                     ^
../ugfx_2.9/src/ginput/ginput_driver_mouse.h(95): note: expanded from macro 'gmvmt'
#define gmvmt(m)                ((const GMouseVMT const *)((m)->d.vmt))
                                                  ^
../ugfx_2.9/src/gfx_mk.c(22): warning: In file included from...
../ugfx_2.9/src/ginput/ginput_mk.c(9): warning: In file included from...
../ugfx_2.9/src/ginput/ginput_mouse.c(207): warning: duplicate 'const' declaration specifier [-Wduplicate-decl-specifier]
                                        if (!(gmvmt(m)->d.flags & GMOUSE_VFLG_SELFROTATION)) {
                                              ^
../ugfx_2.9/src/ginput/ginput_driver_mouse.h(95): note: expanded from macro 'gmvmt'
#define gmvmt(m)                ((const GMouseVMT const *)((m)->d.vmt))
                                                  ^
../ugfx_2.9/src/gfx_mk.c(22): warning: In file included from...
../ugfx_2.9/src/ginput/ginput_mk.c(9): warning: In file included from...
../ugfx_2.9/src/ginput/ginput_mouse.c(251): warning: duplicate 'const' declaration specifier [-Wduplicate-decl-specifier]
                pj = (m->flags & GMOUSE_FLG_FINGERMODE) ? &gmvmt(m)->finger_jitter : &gmvmt(m)->pen_jitter;
                                                           ^
../ugfx_2.9/src/ginput/ginput_driver_mouse.h(95): note: expanded from macro 'gmvmt'
#define gmvmt(m)                ((const GMouseVMT const *)((m)->d.vmt))
                                                  ^
../ugfx_2.9/src/gfx_mk.c(22): warning: In file included from...
../ugfx_2.9/src/ginput/ginput_mk.c(9): warning: In file included from...
../ugfx_2.9/src/ginput/ginput_mouse.c(251): warning: duplicate 'const' declaration specifier [-Wduplicate-decl-specifier]
                pj = (m->flags & GMOUSE_FLG_FINGERMODE) ? &gmvmt(m)->finger_jitter : &gmvmt(m)->pen_jitter;
                                                                                      ^
../ugfx_2.9/src/ginput/ginput_driver_mouse.h(95): note: expanded from macro 'gmvmt'
#define gmvmt(m)                ((const GMouseVMT const *)((m)->d.vmt))
                                                  ^
../ugfx_2.9/src/gfx_mk.c(22): warning: In file included from...
../ugfx_2.9/src/ginput/ginput_mk.c(9): warning: In file included from...
../ugfx_2.9/src/ginput/ginput_mouse.c(310): warning: duplicate 'const' declaration specifier [-Wduplicate-decl-specifier]
                                if ((gmvmt(m)->d.flags & GMOUSE_VFLG_TOUCH) && m->clicktime >= gfxMillisecondsToTicks(GINPUT_TOUCH_CXTCLICK_TIME))
                                     ^
../ugfx_2.9/src/ginput/ginput_driver_mouse.h(95): note: expanded from macro 'gmvmt'
#define gmvmt(m)                ((const GMouseVMT const *)((m)->d.vmt))
                                                  ^
../ugfx_2.9/src/gfx_mk.c(22): warning: In file included from...
../ugfx_2.9/src/ginput/ginput_mk.c(9): warning: In file included from...
../ugfx_2.9/src/ginput/ginput_mouse.c(343): warning: duplicate 'const' declaration specifier [-Wduplicate-decl-specifier]
                if (!(gmvmt(m)->d.flags & GMOUSE_VFLG_NOPOLL) || (m->flags & GMOUSE_FLG_NEEDREAD))
                      ^
../ugfx_2.9/src/ginput/ginput_driver_mouse.h(95): note: expanded from macro 'gmvmt'
#define gmvmt(m)                ((const GMouseVMT const *)((m)->d.vmt))
                                                  ^
../ugfx_2.9/src/gfx_mk.c(22): warning: In file included from...
../ugfx_2.9/src/ginput/ginput_mk.c(9): warning: In file included from...
../ugfx_2.9/src/ginput/ginput_mouse.c(666): warning: duplicate 'const' declaration specifier [-Wduplicate-decl-specifier]
                        extern const GMouseVMT const GMOUSEVMT_OnlyOne[1];
                                               ^
../ugfx_2.9/src/ginput/ginput_mouse.c(688): warning: duplicate 'const' declaration specifier [-Wduplicate-decl-specifier]
                if ((gmvmt(m)->d.flags & GMOUSE_VFLG_DEFAULTFINGER))
                     ^
../ugfx_2.9/src/ginput/ginput_driver_mouse.h(95): note: expanded from macro 'gmvmt'
#define gmvmt(m)                ((const GMouseVMT const *)((m)->d.vmt))
                                                  ^
../ugfx_2.9/src/gfx_mk.c(22): warning: In file included from...
../ugfx_2.9/src/ginput/ginput_mk.c(9): warning: In file included from...
../ugfx_2.9/src/ginput/ginput_mouse.c(693): warning: duplicate 'const' declaration specifier [-Wduplicate-decl-specifier]
    if (!gmvmt(m)->init((GMouse *)g, driverinstance))
         ^
../ugfx_2.9/src/ginput/ginput_driver_mouse.h(95): note: expanded from macro 'gmvmt'
#define gmvmt(m)                ((const GMouseVMT const *)((m)->d.vmt))
                                                  ^
../ugfx_2.9/src/gfx_mk.c(22): warning: In file included from...
../ugfx_2.9/src/ginput/ginput_mk.c(9): warning: In file included from...
../ugfx_2.9/src/ginput/ginput_mouse.c(778): warning: duplicate 'const' declaration specifier [-Wduplicate-decl-specifier]
                pe->type = (gmvmt(m)->d.flags & GMOUSE_VFLG_TOUCH) ? GEVENT_TOUCH : GEVENT_MOUSE;
                            ^
../ugfx_2.9/src/ginput/ginput_driver_mouse.h(95): note: expanded from macro 'gmvmt'
#define gmvmt(m)                ((const GMouseVMT const *)((m)->d.vmt))
                                                  ^
33 warnings generated.
compiling gfx_mk.c...
linking...
Program Size: Code=29840 RO-data=5852 RW-data=52 ZI-data=6644  
FromELF: creating hex file...
".\Objects\Gen.axf" - 0 Error(s), 58 Warning(s).

<h2>Software Packages used:</h2>

Package Vendor: Keil
                http://www.keil.com/pack/Keil.STM32G0xx_DFP.1.2.0.pack
                Keil.STM32G0xx_DFP.1.2.0
                STMicroelectronics STM32G0 Series Device Support

<h2>Collection of Component include folders:</h2>
  .\RTE\_Generator
  d:\Keil_v5\ARM\PACK\Keil\STM32G0xx_DFP\1.2.0\Drivers\CMSIS\Device\ST\STM32G0xx\Include

<h2>Collection of Component Files used:</h2>
Build Time Elapsed:  00:00:03
</pre>
</body>
</html>
