Component: ARM Compiler 6.12 Tool: armlink [5d624300]

==============================================================================

Section Cross References

    system_stm32g0xx.o(.ARM.exidx.text.SystemInit) refers to system_stm32g0xx.o(.text.SystemInit) for [Anonymous Symbol]
    system_stm32g0xx.o(.text.SystemCoreClockUpdate) refers to aeabi_sdiv.o(.text) for __aeabi_uidiv
    system_stm32g0xx.o(.text.SystemCoreClockUpdate) refers to system_stm32g0xx.o(.data.SystemCoreClock) for SystemCoreClock
    system_stm32g0xx.o(.text.SystemCoreClockUpdate) refers to system_stm32g0xx.o(.rodata.AHBPrescTable) for AHBPrescTable
    system_stm32g0xx.o(.ARM.exidx.text.SystemCoreClockUpdate) refers to system_stm32g0xx.o(.text.SystemCoreClockUpdate) for [Anonymous Symbol]
    startup_stm32g030xx.o(STACK) refers (Special) to heapauxi.o(.text) for __use_two_region_memory
    startup_stm32g030xx.o(HEAP) refers (Special) to heapauxi.o(.text) for __use_two_region_memory
    startup_stm32g030xx.o(RESET) refers (Special) to heapauxi.o(.text) for __use_two_region_memory
    startup_stm32g030xx.o(RESET) refers to startup_stm32g030xx.o(STACK) for __initial_sp
    startup_stm32g030xx.o(RESET) refers to startup_stm32g030xx.o(.text) for Reset_Handler
    startup_stm32g030xx.o(RESET) refers to boardsetup.o(.text.SysTick_Handler) for SysTick_Handler
    startup_stm32g030xx.o(RESET) refers to board_powermodes.o(.text.EXTI4_15_IRQHandler) for EXTI4_15_IRQHandler
    startup_stm32g030xx.o(RESET) refers to superloop_player.o(.text.TIM3_IRQHandler) for TIM3_IRQHandler
    startup_stm32g030xx.o(RESET) refers to i2c1.o(.text.I2C1_IRQHandler) for I2C1_IRQHandler
    startup_stm32g030xx.o(RESET) refers to i2c2.o(.text.I2C2_IRQHandler) for I2C2_IRQHandler
    startup_stm32g030xx.o(RESET) refers to superloop_comm.o(.text.USART1_IRQHandler) for USART1_IRQHandler
    startup_stm32g030xx.o(.text) refers (Special) to heapauxi.o(.text) for __use_two_region_memory
    startup_stm32g030xx.o(.text) refers to system_stm32g0xx.o(.text.SystemInit) for SystemInit
    startup_stm32g030xx.o(.text) refers to __main.o(!!!main) for __main
    startup_stm32g030xx.o(.text) refers to startup_stm32g030xx.o(HEAP) for Heap_Mem
    startup_stm32g030xx.o(.text) refers to startup_stm32g030xx.o(STACK) for Stack_Mem
    boardsetup.o(.text.BSInit) refers to boardsetup.o(.text.setSystemClock) for setSystemClock
    boardsetup.o(.text.BSInit) refers to boardsetup.o(.text.boardIoPinInit) for boardIoPinInit
    boardsetup.o(.text.BSInit) refers to system_stm32g0xx.o(.data.SystemCoreClock) for SystemCoreClock
    boardsetup.o(.ARM.exidx.text.BSInit) refers to boardsetup.o(.text.BSInit) for [Anonymous Symbol]
    boardsetup.o(.ARM.exidx.text.setSystemClock) refers to boardsetup.o(.text.setSystemClock) for [Anonymous Symbol]
    boardsetup.o(.text.boardIoPinInit) refers to boardsetup.o(.text.switchDisplayInterfacePinsToPwr) for switchDisplayInterfacePinsToPwr
    boardsetup.o(.ARM.exidx.text.boardIoPinInit) refers to boardsetup.o(.text.boardIoPinInit) for [Anonymous Symbol]
    boardsetup.o(.text.SysTick_Handler) refers to boardsetup.o(.bss..L_MergedGlobals) for [Anonymous Symbol]
    boardsetup.o(.ARM.exidx.text.SysTick_Handler) refers to boardsetup.o(.text.SysTick_Handler) for [Anonymous Symbol]
    boardsetup.o(.text.delayms) refers to boardsetup.o(.bss..L_MergedGlobals) for [Anonymous Symbol]
    boardsetup.o(.ARM.exidx.text.delayms) refers to boardsetup.o(.text.delayms) for [Anonymous Symbol]
    boardsetup.o(.text.gfxSystemTicks) refers to boardsetup.o(.bss..L_MergedGlobals) for [Anonymous Symbol]
    boardsetup.o(.ARM.exidx.text.gfxSystemTicks) refers to boardsetup.o(.text.gfxSystemTicks) for [Anonymous Symbol]
    boardsetup.o(.ARM.exidx.text.gfxMillisecondsToTicks) refers to boardsetup.o(.text.gfxMillisecondsToTicks) for [Anonymous Symbol]
    boardsetup.o(.ARM.exidx.text.switchDisplayInterfacePinsToPwr) refers to boardsetup.o(.text.switchDisplayInterfacePinsToPwr) for [Anonymous Symbol]
    boardsetup.o(.ARM.exidx.text.switchSPI1InterfacePinsToPwr) refers to boardsetup.o(.text.switchSPI1InterfacePinsToPwr) for [Anonymous Symbol]
    boardsetup.o(.ARM.exidx.text.switchOUTStageInterfacePinsToPwr) refers to boardsetup.o(.text.switchOUTStageInterfacePinsToPwr) for [Anonymous Symbol]
    main.o(.text.main) refers to boardsetup.o(.text.BSInit) for BSInit
    main.o(.text.main) refers to superloop_acc.o(.text.SuperLoopACC_init) for SuperLoopACC_init
    main.o(.text.main) refers to superloopdisplay.o(.text.SLD_init) for SLD_init
    main.o(.text.main) refers to superloop_player.o(.text.tim3Init) for tim3Init
    main.o(.text.main) refers to spi1.o(.text.initSpi_1) for initSpi_1
    main.o(.text.main) refers to superloop_comm.o(.text.SLC_init) for SLC_init
    main.o(.text.main) refers to superloop_player.o(.text.SLP_init) for SLP_init
    main.o(.text.main) refers to w25qxx.o(.text.W25qxx_Init) for W25qxx_Init
[...]
    MainTransition                           0x080016d1   Thumb Code   128  mainfsm.o(.text.MainTransition)
    MainTransition_P_Displ                   0x0800174d   Thumb Code    48  board_powermodes.o(.text.MainTransition_P_Displ)
    ReadTPSState                             0x080017d1   Thumb Code    60  mainfsm.o(.text.ReadTPSState)
    SLC                                      0x08001819   Thumb Code    20  superloop_comm.o(.text.SLC)
    SLC_init                                 0x0800182d   Thumb Code    12  superloop_comm.o(.text.SLC_init)
    SLD                                      0x08001839   Thumb Code   240  superloopdisplay.o(.text.SLD)
    SLD_DisplInit                            0x08001925   Thumb Code   468  superloopdisplay.o(.text.SLD_DisplInit)
    SLD_FSMState                             0x08001af5   Thumb Code    12  superloopdisplay.o(.text.SLD_FSMState)
    SLD_init                                 0x08001b01   Thumb Code     4  superloopdisplay.o(.text.SLD_init)
    SLDw                                     0x08001b05   Thumb Code   652  superloopdisplay.o(.text.SLDw)
    SLP                                      0x08001d8d   Thumb Code   332  superloop_player.o(.text.SLP)
    SLP_init                                 0x08001ed1   Thumb Code    24  superloop_player.o(.text.SLP_init)
    SLPl_FSMState                            0x08001ee5   Thumb Code    12  superloop_player.o(.text.SLPl_FSMState)
    SuperLoopACC                             0x08001f91   Thumb Code     8  superloop_acc.o(.text.SuperLoopACC)
    SuperLoopACC_init                        0x08001f99   Thumb Code    16  superloop_acc.o(.text.SuperLoopACC_init)
    SuperLoop_Acc_SleepIn                    0x08001fa9   Thumb Code    40  superloop_acc.o(.text.SuperLoop_Acc_SleepIn)
    SuperLoop_Acc_SleepOut                   0x08001fd1   Thumb Code     4  superloop_acc.o(.text.SuperLoop_Acc_SleepOut)
    SuperLoop_Disp_SleepIn                   0x08001fd5   Thumb Code     4  superloopdisplay.o(.text.SuperLoop_Disp_SleepIn)
    SuperLoop_Disp_SleepOut                  0x08001fd9   Thumb Code     4  superloopdisplay.o(.text.SuperLoop_Disp_SleepOut)
    SuperLoop_Player_SleepIn                 0x08001fdd   Thumb Code     4  superloop_player.o(.text.SuperLoop_Player_SleepIn)
    SuperLoop_Player_SleepOut                0x08001fe1   Thumb Code     4  superloop_player.o(.text.SuperLoop_Player_SleepOut)
    SuperLoop_PowerModes                     0x08001fe5   Thumb Code   140  board_powermodes.o(.text.SuperLoop_PowerModes)
    SysTick_Handler                          0x08002071   Thumb Code    56  boardsetup.o(.text.SysTick_Handler)
    SystemInit                               0x080020a9   Thumb Code    16  system_stm32g0xx.o(.text.SystemInit)
    TIM3_IRQHandler                          0x080020b9   Thumb Code    72  superloop_player.o(.text.TIM3_IRQHandler)
    TPS65982_6_RDO_R                         0x08002101   Thumb Code   352  drivertps65982_6.o(.text.TPS65982_6_RDO_R)
    TPS65982_6_RW                            0x08002261   Thumb Code    68  drivertps65982_6.o(.text.TPS65982_6_RW)
    TransitionFunction                       0x080022a5   Thumb Code   556  mainfsm.o(.text.TransitionFunction)
    TransitionFunction_P                     0x080024d1   Thumb Code   144  board_powermodes.o(.text.TransitionFunction_P)
    USART1_IRQHandler                        0x08002561   Thumb Code   292  superloop_comm.o(.text.USART1_IRQHandler)
    W25qxx_EraseChip                         0x08002685   Thumb Code    68  w25qxx.o(.text.W25qxx_EraseChip)
    W25qxx_EraseSector                       0x080026c1   Thumb Code   124  w25qxx.o(.text.W25qxx_EraseSector)
    W25qxx_Init                              0x08002731   Thumb Code   224  w25qxx.o(.text.W25qxx_Init)
    W25qxx_IsEmptySector                     0x08002809   Thumb Code   272  w25qxx.o(.text.W25qxx_IsEmptySector)
    W25qxx_ReadByte                          0x0800290d   Thumb Code   112  w25qxx.o(.text.W25qxx_ReadByte)
    W25qxx_ReadID                            0x08002971   Thumb Code    64  w25qxx.o(.text.W25qxx_ReadID)
    W25qxx_ReadPage                          0x080029a9   Thumb Code   156  w25qxx.o(.text.W25qxx_ReadPage)
    W25qxx_ReadSector                        0x08002a45   Thumb Code    96  w25qxx.o(.text.W25qxx_ReadSector)
    W25qxx_SectorToPage                      0x08002aa1   Thumb Code    20  w25qxx.o(.text.W25qxx_SectorToPage)
    W25qxx_Spi                               0x08002ab5   Thumb Code    26  w25qxx.o(.text.W25qxx_Spi)
    W25qxx_WaitForWriteEnd                   0x08002ad1   Thumb Code    64  w25qxx.o(.text.W25qxx_WaitForWriteEnd)
    W25qxx_WriteEnable                       0x08002b0d   Thumb Code    32  w25qxx.o(.text.W25qxx_WriteEnable)
    W25qxx_WritePage                         0x08002b29   Thumb Code   184  w25qxx.o(.text.W25qxx_WritePage)
    _gdispDeInitDriver                       0x08002f25   Thumb Code    28  gfx_mk.o(.text._gdispDeInitDriver)
    _gdispInit                               0x08002f3d   Thumb Code    72  gfx_mk.o(.text._gdispInit)
    _gdispInitDriver                         0x08002f85   Thumb Code    32  gfx_mk.o(.text._gdispInitDriver)
    _gdispPostInitDriver                     0x08002fa5   Thumb Code   180  gfx_mk.o(.text._gdispPostInitDriver)
    _gdriverDeinit                           0x08003055   Thumb Code    24  gfx_mk.o(.text._gdriverDeinit)
    _gfxGetStackState                        0x08003069   Thumb Code    24  gfx_mk.o(.text._gfxGetStackState)
    _gfxGetStackStateInFn                    0x0800307d   Thumb Code    28  gfx_mk.o(.text._gfxGetStackStateInFn)
    _gmouseDeInitDriver                      0x0800315d   Thumb Code     2  gfx_mk.o(.text._gmouseDeInitDriver)
    _gmouseDeinit                            0x08003161   Thumb Code    16  gfx_mk.o(.text._gmouseDeinit)
    _gmouseInit                              0x0800316d   Thumb Code    32  gfx_mk.o(.text._gmouseInit)
    _gmouseInitDriver                        0x08003189   Thumb Code    84  gfx_mk.o(.text._gmouseInitDriver)
    _gmousePostInitDriver                    0x080031d9   Thumb Code    16  gfx_mk.o(.text._gmousePostInitDriver)
    _gosHeapInit                             0x080031e9   Thumb Code    20  gfx_mk.o(.text._gosHeapInit)
    _gosInit                                 0x080031fd   Thumb Code    12  gfx_mk.o(.text._gosInit)
    _gosThreadsInit                          0x08003209   Thumb Code   204  gfx_mk.o(.text._gosThreadsInit)
    _gtimerInit                              0x080032d1   Thumb Code    28  gfx_mk.o(.text._gtimerInit)
    _gwidgetCreate                           0x080032ed   Thumb Code    76  gfx_mk.o(.text._gwidgetCreate)
    _gwidgetDestroy                          0x08003339   Thumb Code    42  gfx_mk.o(.text._gwidgetDestroy)
    _gwidgetInit                             0x08003365   Thumb Code    56  gfx_mk.o(.text._gwidgetInit)
    _gwidgetRedraw                           0x08003399   Thumb Code    16  gfx_mk.o(.text._gwidgetRedraw)
    _gwinDestroy                             0x080033a9   Thumb Code    68  gfx_mk.o(.text._gwinDestroy)
    _gwinFlushRedraws                        0x080033ed   Thumb Code   348  gfx_mk.o(.text._gwinFlushRedraws)
    _gwinInit                                0x08003549   Thumb Code    12  gfx_mk.o(.text._gwinInit)
    _gwinSendEvent                           0x08003555   Thumb Code    52  gfx_mk.o(.text._gwinSendEvent)
    _gwinUpdate                              0x08003589   Thumb Code    44  gfx_mk.o(.text._gwinUpdate)
    _gwindowCreate                           0x080035b1   Thumb Code   136  gfx_mk.o(.text._gwindowCreate)
    _gwmDeinit                               0x08003635   Thumb Code    40  gfx_mk.o(.text._gwmDeinit)
    _gwmInit                                 0x08003655   Thumb Code    56  gfx_mk.o(.text._gwmInit)
    boardIoPinInit                           0x08003689   Thumb Code   368  boardsetup.o(.text.boardIoPinInit)
    calcFreq                                 0x080037f9   Thumb Code   120  superloop_player.o(.text.calcFreq)
    confSectorsStatus                        0x08003869   Thumb Code    36  superloop_comm.o(.text.confSectorsStatus)
    delay_ms                                 0x0800388d   Thumb Code    16  superloop_player.o(.text.delay_ms)
    delayms                                  0x0800389d   Thumb Code    20  boardsetup.o(.text.delayms)
    erFlash                                  0x080039cd   Thumb Code    46  superloop_comm.o(.text.erFlash)
    eraseFlash                               0x080039fd   Thumb Code    24  superloop_comm.o(.text.eraseFlash)
    fChargeCurrent                           0x08003a11   Thumb Code    68  battery.o(.text.fChargeCurrent)
    findEmptySector                          0x08003aa1   Thumb Code    24  superloop_comm.o(.text.findEmptySector)
    fpgaConfig                               0x08003b41   Thumb Code   168  superloop_player.o(.text.fpgaConfig)
    freqInverse                              0x08003be9   Thumb Code   168  superloop_player.o(.text.freqInverse)
    gdispBlendColor                          0x08003c91   Thumb Code    80  gfx_mk.o(.text.gdispBlendColor)
    gdispGClear                              0x08003ce1   Thumb Code    62  gfx_mk.o(.text.gdispGClear)
    gdispGControl                            0x08003d21   Thumb Code   108  gfx_mk.o(.text.gdispGControl)
    gdispGDrawBox                            0x08003d8d   Thumb Code   170  gfx_mk.o(.text.gdispGDrawBox)
    gdispGDrawLine                           0x08003e37   Thumb Code   236  gfx_mk.o(.text.gdispGDrawLine)
    gdispGDrawStringBox                      0x08003f25   Thumb Code   208  gfx_mk.o(.text.gdispGDrawStringBox)
    gdispGFillArea                           0x08003ff5   Thumb Code   132  gfx_mk.o(.text.gdispGFillArea)
    gdispGFillStringBox                      0x08004079   Thumb Code   340  gfx_mk.o(.text.gdispGFillStringBox)
    gdispGSetClip                            0x080041cd   Thumb Code   112  gfx_mk.o(.text.gdispGSetClip)
    gdispGetStringWidth                      0x0800423d   Thumb Code    10  gfx_mk.o(.text.gdispGetStringWidth)
    gdispGetStringWidthCount                 0x08004247   Thumb Code    26  gfx_mk.o(.text.gdispGetStringWidthCount)
    gdispOpenFont                            0x08004261   Thumb Code    84  gfx_mk.o(.text.gdispOpenFont)
    gdisp_lld_control                        0x080042b5   Thumb Code   288  gdisp_lld_ili9341.o(.text.gdisp_lld_control)
    gdisp_lld_init                           0x080043cd   Thumb Code   648  gdisp_lld_ili9341.o(.text.gdisp_lld_init)
    gdisp_lld_write_color                    0x0800464d   Thumb Code    22  gdisp_lld_ili9341.o(.text.gdisp_lld_write_color)
    gdisp_lld_write_start                    0x08004665   Thumb Code   144  gdisp_lld_ili9341.o(.text.gdisp_lld_write_start)
    gdisp_lld_write_stop                     0x080046f1   Thumb Code    24  gdisp_lld_ili9341.o(.text.gdisp_lld_write_stop)
    gdriverGetInstance                       0x08004709   Thumb Code    40  gfx_mk.o(.text.gdriverGetInstance)
    gdriverGetNext                           0x0800472d   Thumb Code    32  gfx_mk.o(.text.gdriverGetNext)
    gdriverRegister                          0x08004749   Thumb Code   140  gfx_mk.o(.text.gdriverRegister)
    gdriverUnRegister                        0x080047d1   Thumb Code    68  gfx_mk.o(.text.gdriverUnRegister)
    getControlParam                          0x08004811   Thumb Code   176  superloop_player.o(.text.getControlParam)
    getI2c2Status                            0x080048c1   Thumb Code    64  i2c2.o(.text.getI2c2Status)
    getI2cError                              0x08004901   Thumb Code    12  i2c1.o(.text.getI2cError)
    getI2cReset                              0x08004909   Thumb Code    32  i2c1.o(.text.getI2cReset)
    getI2cStatus                             0x08004925   Thumb Code    12  i2c1.o(.text.getI2cStatus)
    getPlayFileSector                        0x08004931   Thumb Code    34  superloop_player.o(.text.getPlayFileSector)
    geventAttachSource                       0x08004955   Thumb Code   128  gfx_mk.o(.text.geventAttachSource)
    geventDetachSourceListeners              0x080049cd   Thumb Code    32  gfx_mk.o(.text.geventDetachSourceListeners)
    geventEventWait                          0x080049e9   Thumb Code    42  gfx_mk.o(.text.geventEventWait)
    geventGetEventBuffer                     0x08004a15   Thumb Code    48  gfx_mk.o(.text.geventGetEventBuffer)
    geventGetSourceListener                  0x08004a41   Thumb Code    92  gfx_mk.o(.text.geventGetSourceListener)
    geventListenerInit                       0x08004a9d   Thumb Code    20  gfx_mk.o(.text.geventListenerInit)
    geventRegisterCallback                   0x08004ab1   Thumb Code    56  gfx_mk.o(.text.geventRegisterCallback)
    geventSendEvent                          0x08004ae9   Thumb Code    68  gfx_mk.o(.text.geventSendEvent)
    gfxAlloc                                 0x08004b2d   Thumb Code    88  gfx_mk.o(.text.gfxAlloc)
    gfxDeinit                                0x08004b81   Thumb Code    32  gfx_mk.o(.text.gfxDeinit)
    gfxExit                                  0x08004ba1   Thumb Code    10  gfx_mk.o(.text.gfxExit)
    gfxFree                                  0x08004bad   Thumb Code   116  gfx_mk.o(.text.gfxFree)
    gfxInit                                  0x08004c21   Thumb Code    44  gfx_mk.o(.text.gfxInit)
    gfxMillisecondsToTicks                   0x08004c4d   Thumb Code     2  boardsetup.o(.text.gfxMillisecondsToTicks)
    gfxMutexEnter                            0x08004c4f   Thumb Code    22  gfx_mk.o(.text.gfxMutexEnter)
    gfxQueueASyncPutI                        0x08004c65   Thumb Code    30  gfx_mk.o(.text.gfxQueueASyncPutI)
    gfxQueueASyncRemoveI                     0x08004c83   Thumb Code    50  gfx_mk.o(.text.gfxQueueASyncRemoveI)
    gfxSemWait                               0x08004cb5   Thumb Code    92  gfx_mk.o(.text.gfxSemWait)
    gfxSleepMilliseconds                     0x08004d11   Thumb Code    44  gfx_mk.o(.text.gfxSleepMilliseconds)
    gfxSystemTicks                           0x08004d3d   Thumb Code    12  boardsetup.o(.text.gfxSystemTicks)
    gfxThreadCreate                          0x08004d49   Thumb Code    88  gfx_mk.o(.text.gfxThreadCreate)
    gfxThreadExit                            0x08004da1   Thumb Code    68  gfx_mk.o(.text.gfxThreadExit)
    gfxYield                                 0x08004de5   Thumb Code    64  gfx_mk.o(.text.gfxYield)
    gtimerJab                                0x08004e25   Thumb Code    48  gfx_mk.o(.text.gtimerJab)
    gtimerStart                              0x08004e55   Thumb Code   204  gfx_mk.o(.text.gtimerStart)
    gtimerStop                               0x08004f1d   Thumb Code    64  gfx_mk.o(.text.gtimerStop)
    gwinAttachListener                       0x08005039   Thumb Code    16  gfx_mk.o(.text.gwinAttachListener)
    gwinButtonDraw_Normal                    0x08005049   Thumb Code   304  gfx_mk.o(.text.gwinButtonDraw_Normal)
    gwinDestroy                              0x08005175   Thumb Code    10  gfx_mk.o(.text.gwinDestroy)
    gwinGButtonCreate                        0x08005181   Thumb Code    36  gfx_mk.o(.text.gwinGButtonCreate)
    gwinGLabelCreate                         0x080051a5   Thumb Code    96  gfx_mk.o(.text.gwinGLabelCreate)
    gwinGListCreate                          0x08005201   Thumb Code    64  gfx_mk.o(.text.gwinGListCreate)
    gwinLabelDrawJustified                   0x0800523d   Thumb Code   156  gfx_mk.o(.text.gwinLabelDrawJustified)
    gwinLabelDrawJustifiedLeft               0x080052d9   Thumb Code    10  gfx_mk.o(.text.gwinLabelDrawJustifiedLeft)
    gwinListAddItem                          0x080052e5   Thumb Code   136  gfx_mk.o(.text.gwinListAddItem)
    gwinListDefaultDraw                      0x0800536d   Thumb Code   740  gfx_mk.o(.text.gwinListDefaultDraw)
    gwinListGetSelected                      0x0800564d   Thumb Code    52  gfx_mk.o(.text.gwinListGetSelected)
    gwinListGetSelectedText                  0x0800567d   Thumb Code    44  gfx_mk.o(.text.gwinListGetSelectedText)
    gwinListItemGetText                      0x080056a5   Thumb Code    52  gfx_mk.o(.text.gwinListItemGetText)
    gwinRedraw                               0x080056d9   Thumb Code    40  gfx_mk.o(.text.gwinRedraw)
    gwinRedrawDisplay                        0x080056fd   Thumb Code    60  gfx_mk.o(.text.gwinRedrawDisplay)
    gwinSetDefaultFont                       0x08005735   Thumb Code    12  gfx_mk.o(.text.gwinSetDefaultFont)
    gwinSetDefaultStyle                      0x0800573d   Thumb Code    84  gfx_mk.o(.text.gwinSetDefaultStyle)
    gwinSetStyle                             0x08005789   Thumb Code    36  gfx_mk.o(.text.gwinSetStyle)
    gwinSetText                              0x080057ad   Thumb Code   104  gfx_mk.o(.text.gwinSetText)
    gwinSetVisible                           0x08005815   Thumb Code    80  gfx_mk.o(.text.gwinSetVisible)
    gwinWidgetClearInit                      0x08005865   Thumb Code    16  gfx_mk.o(.text.gwinWidgetClearInit)
    i2c2DataRW                               0x080058ed   Thumb Code    40  i2c2.o(.text.i2c2DataRW)
    i2c2Start                                0x08005911   Thumb Code    92  i2c2.o(.text.i2c2Start)
    i2cDataRW                                0x08005969   Thumb Code   176  i2c1.o(.text.i2cDataRW)
    initI2c1                                 0x08005a19   Thumb Code   116  i2c1.o(.text.initI2c1)
    initI2c2                                 0x08005a81   Thumb Code   104  i2c2.o(.text.initI2c2)
    initSpi_1                                0x08005ae5   Thumb Code    84  spi1.o(.text.initSpi_1)
    initSpi_2                                0x08005b39   Thumb Code    60  superloop_player.o(.text.initSpi_2)
    loadFreqToFpga                           0x08005b75   Thumb Code   268  superloop_player.o(.text.loadFreqToFpga)
    loadMultToFpga                           0x08005c79   Thumb Code    96  superloop_player.o(.text.loadMultToFpga)
    main                                     0x08005cd9   Thumb Code    62  main.o(.text.main)
    mainFSMfunction                          0x08005d19   Thumb Code   120  mainfsm.o(.text.mainFSMfunction)
    maintask                                 0x08005d91   Thumb Code   216  superloop_acc.o(.text.maintask)
    mf_bwfont_character_width                0x08005ea7   Thumb Code    42  gfx_mk.o(.text.mf_bwfont_character_width)
    mf_bwfont_render_character               0x08005ed1   Thumb Code   364  gfx_mk.o(.text.mf_bwfont_render_character)
    mf_character_width                       0x0800603d   Thumb Code    24  gfx_mk.o(.text.mf_character_width)
    mf_get_string_width                      0x08006055   Thumb Code    66  gfx_mk.o(.text.mf_get_string_width)
    mf_render_aligned                        0x08006099   Thumb Code   328  gfx_mk.o(.text.mf_render_aligned)
    mf_render_character                      0x080061e1   Thumb Code    50  gfx_mk.o(.text.mf_render_character)
    mf_rlefont_character_width               0x08006213   Thumb Code    18  gfx_mk.o(.text.mf_rlefont_character_width)
    mf_rlefont_render_character              0x08006225   Thumb Code   158  gfx_mk.o(.text.mf_rlefont_render_character)
    mf_scaled_character_width                0x080062f9   Thumb Code    20  gfx_mk.o(.text.mf_scaled_character_width)
    mf_scaled_render_character               0x0800630d   Thumb Code    64  gfx_mk.o(.text.mf_scaled_render_character)
    playSectorsStatus                        0x0800634d   Thumb Code    36  superloop_comm.o(.text.playSectorsStatus)
    procCmdFromUsb                           0x08006371   Thumb Code   120  superloop_comm.o(.text.procCmdFromUsb)
    rdFlash                                  0x080063e5   Thumb Code    64  superloop_comm.o(.text.rdFlash)
    rdPlayFiles                              0x08006421   Thumb Code    36  superloop_comm.o(.text.rdPlayFiles)
    setSystemClock                           0x08006565   Thumb Code   144  boardsetup.o(.text.setSystemClock)
    spi1FifoClr                              0x08006619   Thumb Code    20  spi1.o(.text.spi1FifoClr)
    spi1Receive                              0x0800662d   Thumb Code    64  spi1.o(.text.spi1Receive)
    spi1Transmit                             0x08006669   Thumb Code    64  spi1.o(.text.spi1Transmit)
    spi1TransmitReceive                      0x080066a5   Thumb Code   136  spi1.o(.text.spi1TransmitReceive)
    spi2FifoClr                              0x0800672d   Thumb Code    20  superloop_player.o(.text.spi2FifoClr)
    spi2Transmit                             0x08006741   Thumb Code    64  superloop_player.o(.text.spi2Transmit)
    spiByteModeEnable                        0x08006781   Thumb Code    52  spi1.o(.text.spiByteModeEnable)
    startFpga                                0x080067b5   Thumb Code    28  superloop_player.o(.text.startFpga)
    switchDisplayInterfacePinsToPwr          0x080067d1   Thumb Code    80  boardsetup.o(.text.switchDisplayInterfacePinsToPwr)
    switchOUTStageInterfacePinsToPwr         0x08006821   Thumb Code     2  boardsetup.o(.text.switchOUTStageInterfacePinsToPwr)
    switchSPI1InterfacePinsToPwr             0x08006825   Thumb Code    32  boardsetup.o(.text.switchSPI1InterfacePinsToPwr)
    tim3Init                                 0x08006845   Thumb Code    68  superloop_player.o(.text.tim3Init)
    timeToString                             0x08006885   Thumb Code    78  superloop_player.o(.text.timeToString)
    uart1Init                                0x080068d5   Thumb Code   112  superloop_comm.o(.text.uart1Init)
    voidfun8                                 0x080069b9   Thumb Code     2  i2c_common.o(.text.voidfun8)
    wrConfFile                               0x080069bd   Thumb Code   104  superloop_comm.o(.text.wrConfFile)
    wrPage                                   0x08006a1d   Thumb Code   132  superloop_comm.o(.text.wrPage)
    wrPlayFiles                              0x08006a9d   Thumb Code   108  superloop_comm.o(.text.wrPlayFiles)
    __ARM_fpclassifyf                        0x08006cab   Thumb Code    34  fpclassifyf.o(i.__ARM_fpclassifyf)
    __mathlib_flt_divzero                    0x08006ccd   Thumb Code    14  funder.o(i.__mathlib_flt_divzero)
    __mathlib_flt_infnan2                    0x08006cdb   Thumb Code     8  funder.o(i.__mathlib_flt_infnan2)
    __mathlib_flt_invalid                    0x08006ce3   Thumb Code    12  funder.o(i.__mathlib_flt_invalid)
    __mathlib_flt_overflow                   0x08006cef   Thumb Code    14  funder.o(i.__mathlib_flt_overflow)
    __mathlib_flt_underflow                  0x08006cfd   Thumb Code    14  funder.o(i.__mathlib_flt_underflow)
    __mathlib_powf                           0x08006d0d   Thumb Code     0  powf.o(i.powf)
    powf                                     0x08006d0d   Thumb Code  1538  powf.o(i.powf)
    __aeabi_fadd                             0x0800732d   Thumb Code     0  faddsub.o(x$fpl$fadd)
    _fadd                                    0x0800732d   Thumb Code   134  faddsub.o(x$fpl$fadd)
    __aeabi_fmul                             0x080073b9   Thumb Code     0  fmul.o(x$fpl$fmul)
    _fmul                                    0x080073b9   Thumb Code   172  fmul.o(x$fpl$fmul)
    __aeabi_frsub                            0x08007469   Thumb Code     0  faddsub.o(x$fpl$frsb)
    _frsb                                    0x08007469   Thumb Code    24  faddsub.o(x$fpl$frsb)
    __aeabi_fsub                             0x08007481   Thumb Code     0  faddsub.o(x$fpl$fsub)
    _fsub                                    0x08007481   Thumb Code   204  faddsub.o(x$fpl$fsub)
    __I$use$fp                               0x08007550   Number         0  usenofp.o(x$fpl$usenofp)
    BQ28z610InitData                         0x080076d0   Data          24  driverbq28z610.o(.rodata.BQ28z610InitData)
    BatteryCurrentSetting                    0x080076e8   Data         100  battery.o(.rodata.BatteryCurrentSetting)
    BatteryTempRanges                        0x0800774c   Data          16  battery.o(.rodata.BatteryTempRanges)
    BatteryVoltageRanges                     0x0800775c   Data          16  battery.o(.rodata.BatteryVoltageRanges)
    BlackWidgetStyle                         0x0800776c   Data          28  gfx_mk.o(.rodata.BlackWidgetStyle)
    GDISPVMT_OnlyOne                         0x08007788   Data          96  gdisp_lld_ili9341.o(.rodata.GDISPVMT_OnlyOne)
    GMOUSEVMT_OnlyOne                        0x080077e8   Data          60  gmouse_lld_ft6x06.o(.rodata.GMOUSEVMT_OnlyOne)
    GNullWindowManager                       0x08007824   Data           4  gfx_mk.o(.rodata.GNullWindowManager)
    TPS65982_6InitData                       0x0800790c   Data         104  drivertps65982_6.o(.rodata.TPS65982_6InitData)
    TransitionKeys                           0x08007974   Data          80  mainfsm.o(.rodata.TransitionKeys)
    USBCurrents                              0x080079c4   Data           8  drivertps65982_6.o(.rodata.USBCurrents)
    WhiteWidgetStyle                         0x080079cc   Data          28  gfx_mk.o(.rodata.WhiteWidgetStyle)
    bq25703InitData                          0x080079e8   Data         184  regbq25703a.o(.rodata.bq25703InitData)
    i2c_Devices                              0x08007ac4   Data           3  i2c_api.o(.rodata.i2c_Devices)
    i2c_DevicesAddr                          0x08007ac7   Data           3  i2c_api.o(.rodata.i2c_DevicesAddr)
    mf_bwfont_fixed_10x20                    0x08007b14   Data          36  gfx_mk.o(.rodata.mf_bwfont_fixed_10x20)
    mf_rlefont_UI2                           0x0800850c   Data          48  gfx_mk.o(.rodata.mf_rlefont_UI2)
    mf_rlefont_UI2_Double                    0x0800853c   Data          36  gfx_mk.o(.rodata.mf_rlefont_UI2_Double)
    mf_rlefont_UI2_Narrow                    0x08008568   Data          36  gfx_mk.o(.rodata.mf_rlefont_UI2_Narrow)
    optype                                   0x08008ab8   Data           2  i2c_api.o(.rodata.optype)
    Region$$Table$$Base                      0x08008b4c   Number         0  anon$$obj.o(Region$$Table)
    Region$$Table$$Limit                     0x08008b6c   Number         0  anon$$obj.o(Region$$Table)
    totalTimeArr                             0x20000000   Data           9  superloopdisplay.o(.data..L_MergedGlobals)
    fileTimeArr                              0x20000009   Data           9  superloopdisplay.o(.data..L_MergedGlobals)
    mainFMSstate                             0x20000012   Data           1  mainfsm.o(.data..L_MergedGlobals)
    SystemCoreClock                          0x20000014   Data           4  system_stm32g0xx.o(.data.SystemCoreClock)
    maintaskstate                            0x20000020   Data           1  superloop_acc.o(.data.maintaskstate)
    txallowed                                0x20000024   Data           4  spi1.o(.data.txallowed)
    __libspace_start                         0x20000038   Data          96  libspace.o(.bss)
    __temporary_stack_top$libspace           0x20000098   Data           0  libspace.o(.bss)
    button_sign                              0x2000009e   Data           2  boardsetup.o(.bss..L_MergedGlobals)
    SystemTicks                              0x200000a0   Data           4  boardsetup.o(.bss..L_MergedGlobals)
    _gfxCurrentThread                        0x200000b0   Data           4  gfx_mk.o(.bss..L_MergedGlobals)
    GDISP                                    0x200000bc   Data           4  gfx_mk.o(.bss..L_MergedGlobals)
    hThread                                  0x200000c4   Data           4  gfx_mk.o(.bss..L_MergedGlobals)
    _GWINwm                                  0x200000dc   Data           4  gfx_mk.o(.bss..L_MergedGlobals)
    usbBuffBytesCnt                          0x20000138   Data           1  superloop_comm.o(.bss..L_MergedGlobals)
    usbCmd                                   0x20000139   Data           1  superloop_comm.o(.bss..L_MergedGlobals)
    lastPageBytesNum                         0x2000013a   Data           1  superloop_comm.o(.bss..L_MergedGlobals)
    usbFlags                                 0x2000013c   Data           2  superloop_comm.o(.bss..L_MergedGlobals)
    startPageAddr                            0x2000013e   Data           2  superloop_comm.o(.bss..L_MergedGlobals)
    filePagesCnt                             0x20000140   Data           2  superloop_comm.o(.bss..L_MergedGlobals)
    filePagesNum                             0x20000142   Data           2  superloop_comm.o(.bss..L_MergedGlobals)
    usbCmdBuff                               0x20000144   Data           3  superloop_comm.o(.bss..L_MergedGlobals)
    rxIrqCnt                                 0x20000148   Data           4  superloop_comm.o(.bss..L_MergedGlobals)
    fileBytesNum                             0x2000014c   Data           4  superloop_comm.o(.bss..L_MergedGlobals)
    fileSect                                 0x20000150   Data           1  superloop_player.o(.bss..L_MergedGlobals)
    freqStartByte                            0x20000152   Data           2  superloop_player.o(.bss..L_MergedGlobals)
    steps                                    0x20000154   Data           2  superloop_player.o(.bss..L_MergedGlobals)
    playFileSector                           0x20000156   Data           2  superloop_player.o(.bss..L_MergedGlobals)
    tim3TickCounter                          0x20000158   Data           4  superloop_player.o(.bss..L_MergedGlobals)
    durTimeMs                                0x2000015c   Data           4  superloop_player.o(.bss..L_MergedGlobals)
    freq                                     0x20000160   Data           4  superloop_player.o(.bss..L_MergedGlobals)
    durTimeS                                 0x20000164   Data           4  superloop_player.o(.bss..L_MergedGlobals)
    playParamArr                             0x20000168   Data          28  superloop_player.o(.bss..L_MergedGlobals)
    returnstate                              0x20000185   Data           1  driverbq25703.o(.bss..L_MergedGlobals)
    BQ25703_Wr_Check_state                   0x20000186   Data           1  driverbq25703.o(.bss..L_MergedGlobals)
    data32                                   0x20000190   Data           4  drivertps65982_6.o(.bss..L_MergedGlobals)
    data                                     0x20000194   Data          65  drivertps65982_6.o(.bss..L_MergedGlobals)
    I2C_API_Wr_Check_state                   0x200001d8   Data           1  i2c_api.o(.bss..L_MergedGlobals)
    pI2cBuff                                 0x200001ec   Data           4  i2c1.o(.bss..L_MergedGlobals)
    bVSYS                                    0x2000020b   Data           1  mainfsm.o(.bss..L_MergedGlobals.1)
    I87                                      0x2000020e   Data           2  mainfsm.o(.bss..L_MergedGlobals.1)
    V87                                      0x20000210   Data           2  mainfsm.o(.bss..L_MergedGlobals.1)
    mFSM_BQ28z610_Temperature                0x20000212   Data           2  mainfsm.o(.bss..L_MergedGlobals.1)
    pv_BQ28z610_Voltage                      0x20000214   Data           2  mainfsm.o(.bss..L_MergedGlobals.1)
    pvIcharge                                0x20000216   Data           2  mainfsm.o(.bss..L_MergedGlobals.1)
    pvIdescharge                             0x20000218   Data           2  mainfsm.o(.bss..L_MergedGlobals.1)
    mFSM_BQ28z610_RSOC                       0x2000021a   Data           2  mainfsm.o(.bss..L_MergedGlobals.1)
    pvVSYS                                   0x2000021c   Data           2  mainfsm.o(.bss..L_MergedGlobals.1)
    pvVBAT                                   0x2000021e   Data           2  mainfsm.o(.bss..L_MergedGlobals.1)
    mFSM_Error                               0x20000220   Data           4  mainfsm.o(.bss..L_MergedGlobals.1)
    InCurrent                                0x20000224   Data           4  mainfsm.o(.bss..L_MergedGlobals.1)
    ChargeCurr                               0x20000228   Data           4  mainfsm.o(.bss..L_MergedGlobals.1)
    totalSec                                 0x20000296   Data           1  superloopdisplay.o(.bss..L_MergedGlobals.21)
    totalMin                                 0x20000297   Data           1  superloopdisplay.o(.bss..L_MergedGlobals.21)
    totalHour                                0x20000298   Data           1  superloopdisplay.o(.bss..L_MergedGlobals.21)
    fileSec                                  0x20000299   Data           1  superloopdisplay.o(.bss..L_MergedGlobals.21)
    fileMin                                  0x2000029a   Data           1  superloopdisplay.o(.bss..L_MergedGlobals.21)
    fileHour                                 0x2000029b   Data           1  superloopdisplay.o(.bss..L_MergedGlobals.21)
    fpgaFlags                                0x2000029c   Data           2  superloopdisplay.o(.bss..L_MergedGlobals.21)
    ghLabel7                                 0x200002a4   Data           4  superloopdisplay.o(.bss..L_MergedGlobals.21)
    ghLabel3                                 0x200002a8   Data           4  superloopdisplay.o(.bss..L_MergedGlobals.21)
    ghLabel4                                 0x200002ac   Data           4  superloopdisplay.o(.bss..L_MergedGlobals.21)
    ghLabel5                                 0x200002b0   Data           4  superloopdisplay.o(.bss..L_MergedGlobals.21)
    ghLabel6                                 0x200002b4   Data           4  superloopdisplay.o(.bss..L_MergedGlobals.21)
    ghList1                                  0x200002c0   Data           4  superloopdisplay.o(.bss..L_MergedGlobals.21)
    playFileInList                           0x200002c4   Data           4  superloopdisplay.o(.bss..L_MergedGlobals.21)
    playClk                                  0x200002cc   Data           4  superloopdisplay.o(.bss..L_MergedGlobals.21)
    ghLabel1                                 0x200002d0   Data           4  superloopdisplay.o(.bss..L_MergedGlobals.21)
    gl                                       0x200002d4   Data          48  superloopdisplay.o(.bss..L_MergedGlobals.21)
    FDMD_Power                               0x2000050c   Data           8  board_powermodes.o(.bss.FDMD_Power)
    SLPl_FSM_State                           0x20000514   Data           1  superloop_player.o(.bss.SLPl_FSM_State)
    SystemStatus                             0x20000515   Data           1  boardsetup.o(.bss.SystemStatus)
    debArr1                                  0x20000516   Data          50  superloop_comm.o(.bss.debArr1)
    debArr2                                  0x20000548   Data         206  superloop_comm.o(.bss.debArr2)
    fileName                                 0x20000616   Data          50  superloopdisplay.o(.bss.fileName)
    heap                                     0x20000650   Data        1024  gfx_mk.o(.bss.heap)
    spiDispCapture                           0x20000af8   Data           1  superloopdisplay.o(.bss.spiDispCapture)
    usbRxBuff0                               0x20000af9   Data         256  superloop_comm.o(.bss.usbRxBuff0)
    usbRxBuff1                               0x20000bf9   Data         256  superloop_comm.o(.bss.usbRxBuff1)
    w25qxx                                   0x20000cfc   Data          40  w25qxx.o(.bss.w25qxx)



==============================================================================

Memory Map of the image

  Image Entry point : 0x080000c1

  Load Region LR_IROM1 (Base: 0x08000000, Size: 0x00008ba8, Max: 0x00010000, ABSOLUTE)

    Execution Region ER_IROM1 (Exec base: 0x08000000, Load base: 0x08000000, Size: 0x00008b6c, Max: 0x00010000, ABSOLUTE)

    Exec Addr    Load Addr    Size         Type   Attr      Idx    E Section Name        Object

    0x08000000   0x08000000   0x000000c0   Data   RO           19    RESET               startup_stm32g030xx.o
    0x080000c0   0x080000c0   0x00000008   Code   RO         1269  * !!!main             c_p.l(__main.o)
    0x080000c8   0x080000c8   0x0000003c   Code   RO         1512    !!!scatter          c_p.l(__scatter.o)
    0x08000104   0x08000104   0x0000001a   Code   RO         1514    !!handler_copy      c_p.l(__scatter_copy.o)
    0x0800011e   0x0800011e   0x00000002   PAD
    0x08000120   0x08000120   0x0000001c   Code   RO         1516    !!handler_zi        c_p.l(__scatter_zi.o)
    0x0800013c   0x0800013c   0x00000002   Code   RO         1250    .ARM.Collect$$_printf_percent$$00000000  c_p.l(_printf_percent.o)
    0x0800013e   0x0800013e   0x0000000a   Code   RO         1249    .ARM.Collect$$_printf_percent$$00000009  c_p.l(_printf_d.o)
    0x08000148   0x08000148   0x00000004   Code   RO         1300    .ARM.Collect$$_printf_percent$$00000017  c_p.l(_printf_percent_end.o)
    0x0800014c   0x0800014c   0x00000002   Code   RO         1378    .ARM.Collect$$libinit$$00000000  c_p.l(libinit.o)
    0x0800014e   0x0800014e   0x00000000   Code   RO         1389    .ARM.Collect$$libinit$$00000002  c_p.l(libinit2.o)
    0x0800014e   0x0800014e   0x00000000   Code   RO         1391    .ARM.Collect$$libinit$$00000004  c_p.l(libinit2.o)
    0x0800014e   0x0800014e   0x00000000   Code   RO         1394    .ARM.Collect$$libinit$$0000000A  c_p.l(libinit2.o)
    0x0800014e   0x0800014e   0x00000000   Code   RO         1396    .ARM.Collect$$libinit$$0000000C  c_p.l(libinit2.o)
    0x0800014e   0x0800014e   0x00000000   Code   RO         1398    .ARM.Collect$$libinit$$0000000E  c_p.l(libinit2.o)
    0x0800014e   0x0800014e   0x00000000   Code   RO         1401    .ARM.Collect$$libinit$$00000011  c_p.l(libinit2.o)
    0x0800014e   0x0800014e   0x00000000   Code   RO         1403    .ARM.Collect$$libinit$$00000013  c_p.l(libinit2.o)
    0x0800014e   0x0800014e   0x00000000   Code   RO         1405    .ARM.Collect$$libinit$$00000015  c_p.l(libinit2.o)
    0x0800014e   0x0800014e   0x00000000   Code   RO         1407    .ARM.Collect$$libinit$$00000017  c_p.l(libinit2.o)
    0x0800014e   0x0800014e   0x00000000   Code   RO         1409    .ARM.Collect$$libinit$$00000019  c_p.l(libinit2.o)
    0x0800014e   0x0800014e   0x00000000   Code   RO         1411    .ARM.Collect$$libinit$$0000001B  c_p.l(libinit2.o)
    0x0800014e   0x0800014e   0x00000000   Code   RO         1413    .ARM.Collect$$libinit$$0000001D  c_p.l(libinit2.o)
    0x0800014e   0x0800014e   0x00000000   Code   RO         1415    .ARM.Collect$$libinit$$0000001F  c_p.l(libinit2.o)
    0x0800014e   0x0800014e   0x00000000   Code   RO         1417    .ARM.Collect$$libinit$$00000021  c_p.l(libinit2.o)
    0x0800014e   0x0800014e   0x00000000   Code   RO         1419    .ARM.Collect$$libinit$$00000023  c_p.l(libinit2.o)
    0x0800014e   0x0800014e   0x00000000   Code   RO         1421    .ARM.Collect$$libinit$$00000025  c_p.l(libinit2.o)
    0x0800014e   0x0800014e   0x00000000   Code   RO         1425    .ARM.Collect$$libinit$$0000002C  c_p.l(libinit2.o)
    0x0800014e   0x0800014e   0x00000000   Code   RO         1427    .ARM.Collect$$libinit$$0000002E  c_p.l(libinit2.o)
    0x0800014e   0x0800014e   0x00000000   Code   RO         1429    .ARM.Collect$$libinit$$00000030  c_p.l(libinit2.o)
    0x0800014e   0x0800014e   0x00000000   Code   RO         1431    .ARM.Collect$$libinit$$00000032  c_p.l(libinit2.o)
    0x0800014e   0x0800014e   0x00000002   Code   RO         1432    .ARM.Collect$$libinit$$00000033  c_p.l(libinit2.o)
    0x08000150   0x08000150   0x00000002   Code   RO         1467    .ARM.Collect$$libshutdown$$00000000  c_p.l(libshutdown.o)
    0x08000152   0x08000152   0x00000000   Code   RO         1495    .ARM.Collect$$libshutdown$$00000002  c_p.l(libshutdown2.o)
    0x08000152   0x08000152   0x00000000   Code   RO         1497    .ARM.Collect$$libshutdown$$00000004  c_p.l(libshutdown2.o)
    0x08000152   0x08000152   0x00000000   Code   RO         1500    .ARM.Collect$$libshutdown$$00000007  c_p.l(libshutdown2.o)
    0x08000152   0x08000152   0x00000000   Code   RO         1503    .ARM.Collect$$libshutdown$$0000000A  c_p.l(libshutdown2.o)
    0x08000152   0x08000152   0x00000000   Code   RO         1505    .ARM.Collect$$libshutdown$$0000000C  c_p.l(libshutdown2.o)
    0x08000152   0x08000152   0x00000000   Code   RO         1508    .ARM.Collect$$libshutdown$$0000000F  c_p.l(libshutdown2.o)
    0x08000152   0x08000152   0x00000002   Code   RO         1509    .ARM.Collect$$libshutdown$$00000010  c_p.l(libshutdown2.o)
    0x08000154   0x08000154   0x00000000   Code   RO         1287    .ARM.Collect$$rtentry$$00000000  c_p.l(__rtentry.o)
    0x08000154   0x08000154   0x00000000   Code   RO         1338    .ARM.Collect$$rtentry$$00000002  c_p.l(__rtentry2.o)
    0x08000154   0x08000154   0x00000006   Code   RO         1350    .ARM.Collect$$rtentry$$00000004  c_p.l(__rtentry4.o)
    0x0800015a   0x0800015a   0x00000000   Code   RO         1340    .ARM.Collect$$rtentry$$00000009  c_p.l(__rtentry2.o)
    0x0800015a   0x0800015a   0x00000004   Code   RO         1341    .ARM.Collect$$rtentry$$0000000A  c_p.l(__rtentry2.o)
    0x0800015e   0x0800015e   0x00000000   Code   RO         1343    .ARM.Collect$$rtentry$$0000000C  c_p.l(__rtentry2.o)
    0x0800015e   0x0800015e   0x00000008   Code   RO         1344    .ARM.Collect$$rtentry$$0000000D  c_p.l(__rtentry2.o)
    0x08000166   0x08000166   0x00000002   Code   RO         1380    .ARM.Collect$$rtexit$$00000000  c_p.l(rtexit.o)
    0x08000168   0x08000168   0x00000000   Code   RO         1438    .ARM.Collect$$rtexit$$00000002  c_p.l(rtexit2.o)
    0x08000168   0x08000168   0x00000004   Code   RO         1439    .ARM.Collect$$rtexit$$00000003  c_p.l(rtexit2.o)
    0x0800016c   0x0800016c   0x00000006   Code   RO         1440    .ARM.Collect$$rtexit$$00000004  c_p.l(rtexit2.o)
    0x08000172   0x08000172   0x00000002   PAD
    0x08000174   0x08000174   0x00000038   Code   RO         1255    .emb_text           c_p.l(rt_memcpy.o)
    0x080001ac   0x080001ac   0x00000038   Code   RO           20    .text               startup_stm32g030xx.o
    0x080001e4   0x080001e4   0x0000006c   Code   RO         1227    .text               c_p.l(_printf_dec.o)
    0x08000250   0x08000250   0x0000004c   Code   RO         1251    .text               c_p.l(strcpy.o)
    0x0800029c   0x0800029c   0x00000044   Code   RO         1253    .text               c_p.l(strlen.o)
    0x080002e0   0x080002e0   0x00000082   Code   RO         1256    .text               c_p.l(rt_memcpy.o)
    0x08000362   0x08000362   0x00000040   Code   RO         1259    .text               c_p.l(rt_memclr.o)
    0x080003a2   0x080003a2   0x0000015a   Code   RO         1263    .text               c_p.l(aeabi_sdiv.o)
    0x080004fc   0x080004fc   0x00000006   Code   RO         1267    .text               c_p.l(heapauxi.o)
    0x08000502   0x08000502   0x00000030   Code   RO         1271    .text               fz_ps.l(ffixui.o)
    0x08000532   0x08000532   0x0000005e   Code   RO         1273    .text               fz_ps.l(fflti.o)
    0x08000590   0x08000590   0x0000005e   Code   RO         1275    .text               fz_ps.l(setjmp.o)
    0x080005ee   0x080005ee   0x00000016   Code   RO         1292    .text               c_p.l(_rserrno.o)
    0x08000604   0x08000604   0x000000b0   Code   RO         1294    .text               c_p.l(_printf_intcommon.o)
    0x080006b4   0x080006b4   0x00000028   Code   RO         1301    .text               c_p.l(rtudiv10.o)
    0x080006dc   0x080006dc   0x00000160   Code   RO         1309    .text               fz_ps.l(fdiv.o)
    0x0800083c   0x0800083c   0x0000008a   Code   RO         1312    .text               fz_ps.l(ffixir.o)
    0x080008c6   0x080008c6   0x00000002   PAD
    0x080008c8   0x080008c8   0x00000044   Code   RO         1316    .text               fz_ps.l(fscalbn.o)
    0x0800090c   0x0800090c   0x00000008   Code   RO         1357    .text               c_p.l(rt_errno_addr_intlibspace.o)
    0x08000914   0x08000914   0x00000008   Code   RO         1361    .text               c_p.l(libspace.o)
    0x0800091c   0x0800091c   0x0000003e   Code   RO         1364    .text               c_p.l(sys_stackheap_outer.o)
    0x0800095a   0x0800095a   0x00000010   Code   RO         1367    .text               c_p.l(exit.o)
    0x0800096a   0x0800096a   0x00000002   PAD
    0x0800096c   0x0800096c   0x0000000c   Code   RO         1433    .text               c_p.l(sys_exit.o)
    0x08000978   0x08000978   0x00000002   Code   RO         1456    .text               c_p.l(use_no_semi.o)
    0x0800097a   0x0800097a   0x00000000   Code   RO         1458    .text               c_p.l(indicate_semi.o)
    0x0800097a   0x0800097a   0x00000002   PAD
    0x0800097c   0x0800097c   0x00000030   Code   RO         1019    .text.BQ25703_ADCIBAT_Read  driverbq25703.o
    0x080009ac   0x080009ac   0x00000030   Code   RO         1023    .text.BQ25703_ADCVSYSVBAT_Read  driverbq25703.o
    0x080009dc   0x080009dc   0x00000008   Code   RO         1130    .text.BQ25703_ChargeCurrent_Eval  regbq25703a.o
    0x080009e4   0x080009e4   0x00000028   Code   RO         1011    .text.BQ25703_Charge_Check  driverbq25703.o
    0x08000a0c   0x08000a0c   0x00000010   Code   RO         1005    .text.BQ25703_DriverReset  driverbq25703.o
    0x08000a1c   0x08000a1c   0x00000006   Code   RO         1140    .text.BQ25703_IBAT_CH  regbq25703a.o
    0x08000a22   0x08000a22   0x00000006   Code   RO         1142    .text.BQ25703_IBAT_DCH  regbq25703a.o
    0x08000a28   0x08000a28   0x00000030   Code   RO         1013    .text.BQ25703_IIN_Check  driverbq25703.o
    0x08000a58   0x08000a58   0x00000014   Code   RO         1136    .text.BQ25703_IIN_HOST_Eval  regbq25703a.o
    0x08000a6c   0x08000a6c   0x00000060   Code   RO         1007    .text.BQ25703_Init_Check  driverbq25703.o
    0x08000acc   0x08000acc   0x0000003c   Code   RO         1021    .text.BQ25703_Read  driverbq25703.o
    0x08000b08   0x08000b08   0x0000003c   Code   RO         1015    .text.BQ25703_SetBits_Check  driverbq25703.o
    0x08000b44   0x08000b44   0x0000000c   Code   RO         1146    .text.BQ25703_VBAT  regbq25703a.o
    0x08000b50   0x08000b50   0x0000000c   Code   RO         1144    .text.BQ25703_VSYS  regbq25703a.o
    0x08000b5c   0x08000b5c   0x000000a4   Code   RO         1009    .text.BQ25703_Wr_Check  driverbq25703.o
    0x08000c00   0x08000c00   0x00000050   Code   RO          990    .text.BQ28z610_Read  driverbq28z610.o
    0x08000c50   0x08000c50   0x00000048   Code   RO           27    .text.BSInit        boardsetup.o
    0x08000c98   0x08000c98   0x00000010   Code   RO          648    .text.ButtonMouseDown  gfx_mk.o
    0x08000ca8   0x08000ca8   0x0000003a   Code   RO          650    .text.ButtonMouseUp  gfx_mk.o
    0x08000ce2   0x08000ce2   0x00000002   PAD
    0x08000ce4   0x08000ce4   0x00000028   Code   RO         1192    .text.EXTI4_15_IRQHandler  board_powermodes.o
    0x08000d0c   0x08000d0c   0x0000005c   Code   RO         1202    .text.FSM_MainTransition_P  board_powermodes.o
    0x08000d68   0x08000d68   0x0000001a   Code   RO          974    .text.FindRange     battery.o
    0x08000d82   0x08000d82   0x00000002   PAD
    0x08000d84   0x08000d84   0x00000024   Code   RO          727    .text.GFXPreinit    superloopdisplay.o
    0x08000da8   0x08000da8   0x000000e4   Code   RO          402    .text.GTimerThreadHandler  gfx_mk.o
    0x08000e8c   0x08000e8c   0x000002d4   Code   RO          608    .text.GetMouseReading  gfx_mk.o
    0x08001160   0x08001160   0x0000011c   Code   RO         1085    .text.I2C1_IRQHandler  i2c1.o
    0x0800127c   0x0800127c   0x0000012c   Code   RO          764    .text.I2C2_IRQHandler  i2c2.o
    0x080013a8   0x080013a8   0x00000110   Code   RO         1068    .text.I2C_API_Exchange  i2c_api.o
    0x080014b8   0x080014b8   0x00000008   Code   RO         1064    .text.I2C_API_INIT  i2c_api.o
    0x080014c0   0x080014c0   0x0000000c   Code   RO         1066    .text.I2C_API_Reset  i2c_api.o
    0x080014cc   0x080014cc   0x00000020   Code   RO          652    .text.ListDestroy   gfx_mk.o
    0x080014ec   0x080014ec   0x000000c2   Code   RO          654    .text.ListMouseDown  gfx_mk.o
    0x080015ae   0x080015ae   0x00000058   Code   RO          658    .text.ListMouseMove  gfx_mk.o
    0x08001606   0x08001606   0x00000002   PAD
    0x08001608   0x08001608   0x00000098   Code   RO          660    .text.ListMouseSelect  gfx_mk.o
    0x080016a0   0x080016a0   0x00000030   Code   RO          656    .text.ListMouseUp   gfx_mk.o
    0x080016d0   0x080016d0   0x0000007c   Code   RO         1111    .text.MainTransition  mainfsm.o
    0x0800174c   0x0800174c   0x00000030   Code   RO         1200    .text.MainTransition_P_Displ  board_powermodes.o
    0x0800177c   0x0800177c   0x0000000c   Code   RO          711    .text.MouseInit     gmouse_lld_ft6x06.o
    0x08001788   0x08001788   0x0000002c   Code   RO          604    .text.MousePoll     gfx_mk.o
    0x080017b4   0x080017b4   0x0000001a   Code   RO          172    .text.Qadd          gfx_mk.o
    0x080017ce   0x080017ce   0x00000002   PAD
    0x080017d0   0x080017d0   0x0000003c   Code   RO         1115    .text.ReadTPSState  mainfsm.o
    0x0800180c   0x0800180c   0x0000000a   Code   RO          526    .text.RedrawTimerFn  gfx_mk.o
    0x08001816   0x08001816   0x00000002   PAD
    0x08001818   0x08001818   0x00000014   Code   RO          812    .text.SLC           superloop_comm.o
    0x0800182c   0x0800182c   0x0000000c   Code   RO          808    .text.SLC_init      superloop_comm.o
    0x08001838   0x08001838   0x000000ec   Code   RO          735    .text.SLD           superloopdisplay.o
    0x08001924   0x08001924   0x000001d0   Code   RO          737    .text.SLD_DisplInit  superloopdisplay.o
    0x08001af4   0x08001af4   0x0000000c   Code   RO          733    .text.SLD_FSMState  superloopdisplay.o
    0x08001b00   0x08001b00   0x00000004   Code   RO          743    .text.SLD_init      superloopdisplay.o
    0x08001b04   0x08001b04   0x00000288   Code   RO          739    .text.SLDw          superloopdisplay.o
    0x08001d8c   0x08001d8c   0x00000144   Code   RO          959    .text.SLP           superloop_player.o
    0x08001ed0   0x08001ed0   0x00000014   Code   RO          957    .text.SLP_init      superloop_player.o
    0x08001ee4   0x08001ee4   0x0000000c   Code   RO          919    .text.SLPl_FSMState  superloop_player.o
    0x08001ef0   0x08001ef0   0x000000a0   Code   RO          662    .text.SendMouseEvent  gfx_mk.o
    0x08001f90   0x08001f90   0x00000008   Code   RO         1166    .text.SuperLoopACC  superloop_acc.o
    0x08001f98   0x08001f98   0x00000010   Code   RO         1164    .text.SuperLoopACC_init  superloop_acc.o
    0x08001fa8   0x08001fa8   0x00000028   Code   RO         1158    .text.SuperLoop_Acc_SleepIn  superloop_acc.o
    0x08001fd0   0x08001fd0   0x00000004   Code   RO         1160    .text.SuperLoop_Acc_SleepOut  superloop_acc.o
    0x08001fd4   0x08001fd4   0x00000004   Code   RO          729    .text.SuperLoop_Disp_SleepIn  superloopdisplay.o
    0x08001fd8   0x08001fd8   0x00000004   Code   RO          731    .text.SuperLoop_Disp_SleepOut  superloopdisplay.o
    0x08001fdc   0x08001fdc   0x00000004   Code   RO          921    .text.SuperLoop_Player_SleepIn  superloop_player.o
    0x08001fe0   0x08001fe0   0x00000004   Code   RO          923    .text.SuperLoop_Player_SleepOut  superloop_player.o
    0x08001fe4   0x08001fe4   0x0000008c   Code   RO         1196    .text.SuperLoop_PowerModes  board_powermodes.o
    0x08002070   0x08002070   0x00000038   Code   RO           33    .text.SysTick_Handler  boardsetup.o
    0x080020a8   0x080020a8   0x00000010   Code   RO            2    .text.SystemInit    system_stm32g0xx.o
    0x080020b8   0x080020b8   0x00000048   Code   RO          935    .text.TIM3_IRQHandler  superloop_player.o
    0x08002100   0x08002100   0x00000160   Code   RO         1043    .text.TPS65982_6_RDO_R  drivertps65982_6.o
    0x08002260   0x08002260   0x00000044   Code   RO         1041    .text.TPS65982_6_RW  drivertps65982_6.o
    0x080022a4   0x080022a4   0x0000022c   Code   RO         1113    .text.TransitionFunction  mainfsm.o
    0x080024d0   0x080024d0   0x00000090   Code   RO         1206    .text.TransitionFunction_P  board_powermodes.o
    0x08002560   0x08002560   0x00000124   Code   RO          840    .text.USART1_IRQHandler  superloop_comm.o
    0x08002684   0x08002684   0x0000003c   Code   RO          869    .text.W25qxx_EraseChip  w25qxx.o
    0x080026c0   0x080026c0   0x00000070   Code   RO          871    .text.W25qxx_EraseSector  w25qxx.o
    0x08002730   0x08002730   0x000000d8   Code   RO          867    .text.W25qxx_Init   w25qxx.o
    0x08002808   0x08002808   0x00000104   Code   RO          887    .text.W25qxx_IsEmptySector  w25qxx.o
    0x0800290c   0x0800290c   0x00000064   Code   RO          899    .text.W25qxx_ReadByte  w25qxx.o
    0x08002970   0x08002970   0x00000038   Code   RO          859    .text.W25qxx_ReadID  w25qxx.o
    0x080029a8   0x080029a8   0x0000009c   Code   RO          903    .text.W25qxx_ReadPage  w25qxx.o
    0x08002a44   0x08002a44   0x0000005c   Code   RO          905    .text.W25qxx_ReadSector  w25qxx.o
    0x08002aa0   0x08002aa0   0x00000014   Code   RO          881    .text.W25qxx_SectorToPage  w25qxx.o
    0x08002ab4   0x08002ab4   0x0000001a   Code   RO          857    .text.W25qxx_Spi    w25qxx.o
    0x08002ace   0x08002ace   0x00000002   PAD
    0x08002ad0   0x08002ad0   0x0000003c   Code   RO          865    .text.W25qxx_WaitForWriteEnd  w25qxx.o
    0x08002b0c   0x08002b0c   0x0000001c   Code   RO          861    .text.W25qxx_WriteEnable  w25qxx.o
    0x08002b28   0x08002b28   0x000000b8   Code   RO          893    .text.W25qxx_WritePage  w25qxx.o
    0x08002be0   0x08002be0   0x0000003c   Code   RO          634    .text.WM_Add        gfx_mk.o
    0x08002c1c   0x08002c1c   0x00000002   Code   RO          632    .text.WM_DeInit     gfx_mk.o
    0x08002c1e   0x08002c1e   0x00000002   PAD
    0x08002c20   0x08002c20   0x00000030   Code   RO          636    .text.WM_Delete     gfx_mk.o
    0x08002c50   0x08002c50   0x00000002   Code   RO          630    .text.WM_Init       gfx_mk.o
    0x08002c52   0x08002c52   0x00000002   Code   RO          646    .text.WM_MinMax     gfx_mk.o
    0x08002c54   0x08002c54   0x0000009a   Code   RO          642    .text.WM_Move       gfx_mk.o
    0x08002cee   0x08002cee   0x00000002   PAD
    0x08002cf0   0x08002cf0   0x00000040   Code   RO          644    .text.WM_Raise      gfx_mk.o
    0x08002d30   0x08002d30   0x00000134   Code   RO          638    .text.WM_Redraw     gfx_mk.o
    0x08002e64   0x08002e64   0x00000090   Code   RO          640    .text.WM_Size       gfx_mk.o
    0x08002ef4   0x08002ef4   0x00000014   Code   RO          830    .text.__NVIC_SystemReset  superloop_comm.o
    0x08002f08   0x08002f08   0x0000001c   Code   RO          961    .text.__NVIC_SystemReset  superloop_player.o
    0x08002f24   0x08002f24   0x00000018   Code   RO          282    .text._gdispDeInitDriver  gfx_mk.o
    0x08002f3c   0x08002f3c   0x00000048   Code   RO          106    .text._gdispInit    gfx_mk.o
    0x08002f84   0x08002f84   0x00000020   Code   RO          276    .text._gdispInitDriver  gfx_mk.o
    0x08002fa4   0x08002fa4   0x000000b0   Code   RO          278    .text._gdispPostInitDriver  gfx_mk.o
    0x08003054   0x08003054   0x00000014   Code   RO          122    .text._gdriverDeinit  gfx_mk.o
    0x08003068   0x08003068   0x00000014   Code   RO          166    .text._gfxGetStackState  gfx_mk.o
    0x0800307c   0x0800307c   0x0000001c   Code   RO          168    .text._gfxGetStackStateInFn  gfx_mk.o
    0x08003098   0x08003098   0x000000c4   Code   RO          174    .text._gfxXSwitch   gfx_mk.o
    0x0800315c   0x0800315c   0x00000002   Code   RO          610    .text._gmouseDeInitDriver  gfx_mk.o
    0x0800315e   0x0800315e   0x00000002   PAD
    0x08003160   0x08003160   0x0000000c   Code   RO          600    .text._gmouseDeinit  gfx_mk.o
    0x0800316c   0x0800316c   0x0000001c   Code   RO          598    .text._gmouseInit   gfx_mk.o
    0x08003188   0x08003188   0x00000050   Code   RO          602    .text._gmouseInitDriver  gfx_mk.o
    0x080031d8   0x080031d8   0x00000010   Code   RO          606    .text._gmousePostInitDriver  gfx_mk.o
    0x080031e8   0x080031e8   0x00000014   Code   RO          132    .text._gosHeapInit  gfx_mk.o
    0x080031fc   0x080031fc   0x0000000c   Code   RO           96    .text._gosInit      gfx_mk.o
    0x08003208   0x08003208   0x000000c8   Code   RO          134    .text._gosThreadsInit  gfx_mk.o
    0x080032d0   0x080032d0   0x0000001c   Code   RO          102    .text._gtimerInit   gfx_mk.o
    0x080032ec   0x080032ec   0x0000004c   Code   RO          490    .text._gwidgetCreate  gfx_mk.o
    0x08003338   0x08003338   0x0000002a   Code   RO          492    .text._gwidgetDestroy  gfx_mk.o
    0x08003362   0x08003362   0x00000002   PAD
    0x08003364   0x08003364   0x00000034   Code   RO          412    .text._gwidgetInit  gfx_mk.o
    0x08003398   0x08003398   0x00000010   Code   RO          494    .text._gwidgetRedraw  gfx_mk.o
    0x080033a8   0x080033a8   0x00000044   Code   RO          422    .text._gwinDestroy  gfx_mk.o
    0x080033ec   0x080033ec   0x0000015c   Code   RO          426    .text._gwinFlushRedraws  gfx_mk.o
    0x08003548   0x08003548   0x0000000c   Code   RO          110    .text._gwinInit     gfx_mk.o
    0x08003554   0x08003554   0x00000034   Code   RO          496    .text._gwinSendEvent  gfx_mk.o
    0x08003588   0x08003588   0x00000028   Code   RO          512    .text._gwinUpdate   gfx_mk.o
    0x080035b0   0x080035b0   0x00000084   Code   RO          418    .text._gwindowCreate  gfx_mk.o
    0x08003634   0x08003634   0x00000020   Code   RO          416    .text._gwmDeinit    gfx_mk.o
    0x08003654   0x08003654   0x00000034   Code   RO          410    .text._gwmInit      gfx_mk.o
    0x08003688   0x08003688   0x00000170   Code   RO           31    .text.boardIoPinInit  boardsetup.o
    0x080037f8   0x080037f8   0x00000070   Code   RO          947    .text.calcFreq      superloop_player.o
    0x08003868   0x08003868   0x00000024   Code   RO          826    .text.confSectorsStatus  superloop_comm.o
    0x0800388c   0x0800388c   0x00000010   Code   RO          933    .text.delay_ms      superloop_player.o
    0x0800389c   0x0800389c   0x00000014   Code   RO           35    .text.delayms       boardsetup.o
    0x080038b0   0x080038b0   0x00000040   Code   RO          376    .text.deleteAssignments  gfx_mk.o
    0x080038f0   0x080038f0   0x0000001e   Code   RO          378    .text.doExitEvent   gfx_mk.o
    0x0800390e   0x0800390e   0x00000002   PAD
    0x08003910   0x08003910   0x0000001c   Code   RO          336    .text.drawcharglyph  gfx_mk.o
    0x0800392c   0x0800392c   0x00000058   Code   RO          330    .text.drawcharline  gfx_mk.o
    0x08003984   0x08003984   0x00000048   Code   RO          306    .text.drawpixel_clip  gfx_mk.o
    0x080039cc   0x080039cc   0x0000002e   Code   RO          824    .text.erFlash       superloop_comm.o
    0x080039fa   0x080039fa   0x00000002   PAD
    0x080039fc   0x080039fc   0x00000014   Code   RO          832    .text.eraseFlash    superloop_comm.o
    0x08003a10   0x08003a10   0x00000044   Code   RO          976    .text.fChargeCurrent  battery.o
    0x08003a54   0x08003a54   0x0000002c   Code   RO          312    .text.fillarea      gfx_mk.o
    0x08003a80   0x08003a80   0x00000020   Code   RO          340    .text.fillcharglyph  gfx_mk.o
    0x08003aa0   0x08003aa0   0x00000018   Code   RO          834    .text.findEmptySector  superloop_comm.o
    0x08003ab8   0x08003ab8   0x00000036   Code   RO          252    .text.find_char_range  gfx_mk.o
    0x08003aee   0x08003aee   0x00000050   Code   RO          250    .text.find_glyph    gfx_mk.o
    0x08003b3e   0x08003b3e   0x00000002   PAD
    0x08003b40   0x08003b40   0x000000a8   Code   RO          937    .text.fpgaConfig    superloop_player.o
    0x08003be8   0x08003be8   0x000000a8   Code   RO          945    .text.freqInverse   superloop_player.o
    0x08003c90   0x08003c90   0x00000050   Code   RO          354    .text.gdispBlendColor  gfx_mk.o
    0x08003ce0   0x08003ce0   0x0000003e   Code   RO          274    .text.gdispGClear   gfx_mk.o
    0x08003d1e   0x08003d1e   0x00000002   PAD
    0x08003d20   0x08003d20   0x0000006c   Code   RO          322    .text.gdispGControl  gfx_mk.o
    0x08003d8c   0x08003d8c   0x000000aa   Code   RO          324    .text.gdispGDrawBox  gfx_mk.o
    0x08003e36   0x08003e36   0x000000ec   Code   RO          308    .text.gdispGDrawLine  gfx_mk.o
    0x08003f22   0x08003f22   0x00000002   PAD
    0x08003f24   0x08003f24   0x000000d0   Code   RO          342    .text.gdispGDrawStringBox  gfx_mk.o
    0x08003ff4   0x08003ff4   0x00000084   Code   RO          310    .text.gdispGFillArea  gfx_mk.o
    0x08004078   0x08004078   0x00000154   Code   RO          344    .text.gdispGFillStringBox  gfx_mk.o
    0x080041cc   0x080041cc   0x00000070   Code   RO          280    .text.gdispGSetClip  gfx_mk.o
    0x0800423c   0x0800423c   0x0000000a   Code   RO          352    .text.gdispGetStringWidth  gfx_mk.o
    0x08004246   0x08004246   0x0000001a   Code   RO          350    .text.gdispGetStringWidthCount  gfx_mk.o
    0x08004260   0x08004260   0x00000054   Code   RO          358    .text.gdispOpenFont  gfx_mk.o
    0x080042b4   0x080042b4   0x00000118   Code   RO           76    .text.gdisp_lld_control  gdisp_lld_ili9341.o
    0x080043cc   0x080043cc   0x00000280   Code   RO           68    .text.gdisp_lld_init  gdisp_lld_ili9341.o
    0x0800464c   0x0800464c   0x00000016   Code   RO           72    .text.gdisp_lld_write_color  gdisp_lld_ili9341.o
    0x08004662   0x08004662   0x00000002   PAD
    0x08004664   0x08004664   0x0000008c   Code   RO           70    .text.gdisp_lld_write_start  gdisp_lld_ili9341.o
    0x080046f0   0x080046f0   0x00000018   Code   RO           74    .text.gdisp_lld_write_stop  gdisp_lld_ili9341.o
    0x08004708   0x08004708   0x00000024   Code   RO          194    .text.gdriverGetInstance  gfx_mk.o
    0x0800472c   0x0800472c   0x0000001c   Code   RO          198    .text.gdriverGetNext  gfx_mk.o
    0x08004748   0x08004748   0x00000088   Code   RO          192    .text.gdriverRegister  gfx_mk.o
    0x080047d0   0x080047d0   0x00000040   Code   RO          190    .text.gdriverUnRegister  gfx_mk.o
    0x08004810   0x08004810   0x000000b0   Code   RO          943    .text.getControlParam  superloop_player.o
    0x080048c0   0x080048c0   0x00000040   Code   RO          772    .text.getI2c2Status  i2c2.o
    0x08004900   0x08004900   0x00000008   Code   RO         1095    .text.getI2cError   i2c1.o
    0x08004908   0x08004908   0x0000001c   Code   RO         1093    .text.getI2cReset   i2c1.o
    0x08004924   0x08004924   0x0000000c   Code   RO         1091    .text.getI2cStatus  i2c1.o
    0x08004930   0x08004930   0x00000022   Code   RO          941    .text.getPlayFileSector  superloop_player.o
    0x08004952   0x08004952   0x00000002   PAD
    0x08004954   0x08004954   0x00000078   Code   RO          372    .text.geventAttachSource  gfx_mk.o
    0x080049cc   0x080049cc   0x0000001c   Code   RO          392    .text.geventDetachSourceListeners  gfx_mk.o
    0x080049e8   0x080049e8   0x0000002a   Code   RO          380    .text.geventEventWait  gfx_mk.o
    0x08004a12   0x08004a12   0x00000002   PAD
    0x08004a14   0x08004a14   0x0000002c   Code   RO          388    .text.geventGetEventBuffer  gfx_mk.o
    0x08004a40   0x08004a40   0x0000005c   Code   RO          386    .text.geventGetSourceListener  gfx_mk.o
    0x08004a9c   0x08004a9c   0x00000014   Code   RO          370    .text.geventListenerInit  gfx_mk.o
    0x08004ab0   0x08004ab0   0x00000038   Code   RO          384    .text.geventRegisterCallback  gfx_mk.o
    0x08004ae8   0x08004ae8   0x00000044   Code   RO          390    .text.geventSendEvent  gfx_mk.o
    0x08004b2c   0x08004b2c   0x00000054   Code   RO          180    .text.gfxAlloc      gfx_mk.o
    0x08004b80   0x08004b80   0x00000020   Code   RO          114    .text.gfxDeinit     gfx_mk.o
    0x08004ba0   0x08004ba0   0x0000000a   Code   RO          138    .text.gfxExit       gfx_mk.o
    0x08004baa   0x08004baa   0x00000002   PAD
    0x08004bac   0x08004bac   0x00000074   Code   RO          184    .text.gfxFree       gfx_mk.o
    0x08004c20   0x08004c20   0x0000002c   Code   RO           94    .text.gfxInit       gfx_mk.o
    0x08004c4c   0x08004c4c   0x00000002   Code   RO           39    .text.gfxMillisecondsToTicks  boardsetup.o
    0x08004c4e   0x08004c4e   0x00000016   Code   RO          146    .text.gfxMutexEnter  gfx_mk.o
    0x08004c64   0x08004c64   0x0000001e   Code   RO          210    .text.gfxQueueASyncPutI  gfx_mk.o
    0x08004c82   0x08004c82   0x00000032   Code   RO          224    .text.gfxQueueASyncRemoveI  gfx_mk.o
    0x08004cb4   0x08004cb4   0x0000005c   Code   RO          154    .text.gfxSemWait    gfx_mk.o
    0x08004d10   0x08004d10   0x0000002c   Code   RO          162    .text.gfxSleepMilliseconds  gfx_mk.o
    0x08004d3c   0x08004d3c   0x0000000c   Code   RO           37    .text.gfxSystemTicks  boardsetup.o
    0x08004d48   0x08004d48   0x00000058   Code   RO          178    .text.gfxThreadCreate  gfx_mk.o
    0x08004da0   0x08004da0   0x00000044   Code   RO          176    .text.gfxThreadExit  gfx_mk.o
    0x08004de4   0x08004de4   0x00000040   Code   RO          148    .text.gfxYield      gfx_mk.o
    0x08004e24   0x08004e24   0x00000030   Code   RO          406    .text.gtimerJab     gfx_mk.o
    0x08004e54   0x08004e54   0x000000c8   Code   RO          400    .text.gtimerStart   gfx_mk.o
    0x08004f1c   0x08004f1c   0x00000040   Code   RO          398    .text.gtimerStop    gfx_mk.o
    0x08004f5c   0x08004f5c   0x000000dc   Code   RO          486    .text.gwidgetEvent  gfx_mk.o
    0x08005038   0x08005038   0x00000010   Code   RO          522    .text.gwinAttachListener  gfx_mk.o
    0x08005048   0x08005048   0x0000012c   Code   RO          548    .text.gwinButtonDraw_Normal  gfx_mk.o
    0x08005174   0x08005174   0x0000000a   Code   RO          444    .text.gwinDestroy   gfx_mk.o
    0x0800517e   0x0800517e   0x00000002   PAD
    0x08005180   0x08005180   0x00000024   Code   RO          544    .text.gwinGButtonCreate  gfx_mk.o
    0x080051a4   0x080051a4   0x0000005c   Code   RO          550    .text.gwinGLabelCreate  gfx_mk.o
    0x08005200   0x08005200   0x0000003c   Code   RO          562    .text.gwinGListCreate  gfx_mk.o
    0x0800523c   0x0800523c   0x0000009c   Code   RO          554    .text.gwinLabelDrawJustified  gfx_mk.o
    0x080052d8   0x080052d8   0x0000000a   Code   RO          556    .text.gwinLabelDrawJustifiedLeft  gfx_mk.o
    0x080052e2   0x080052e2   0x00000002   PAD
    0x080052e4   0x080052e4   0x00000088   Code   RO          568    .text.gwinListAddItem  gfx_mk.o
    0x0800536c   0x0800536c   0x000002e0   Code   RO          596    .text.gwinListDefaultDraw  gfx_mk.o
    0x0800564c   0x0800564c   0x00000030   Code   RO          576    .text.gwinListGetSelected  gfx_mk.o
    0x0800567c   0x0800567c   0x00000028   Code   RO          590    .text.gwinListGetSelectedText  gfx_mk.o
    0x080056a4   0x080056a4   0x00000034   Code   RO          572    .text.gwinListItemGetText  gfx_mk.o
    0x080056d8   0x080056d8   0x00000024   Code   RO          506    .text.gwinRedraw    gfx_mk.o
    0x080056fc   0x080056fc   0x00000038   Code   RO          542    .text.gwinRedrawDisplay  gfx_mk.o
    0x08005734   0x08005734   0x00000008   Code   RO          438    .text.gwinSetDefaultFont  gfx_mk.o
    0x0800573c   0x0800573c   0x0000004c   Code   RO          500    .text.gwinSetDefaultStyle  gfx_mk.o
    0x08005788   0x08005788   0x00000024   Code   RO          504    .text.gwinSetStyle  gfx_mk.o
    0x080057ac   0x080057ac   0x00000068   Code   RO          510    .text.gwinSetText   gfx_mk.o
    0x08005814   0x08005814   0x00000050   Code   RO          424    .text.gwinSetVisible  gfx_mk.o
    0x08005864   0x08005864   0x00000010   Code   RO          498    .text.gwinWidgetClearInit  gfx_mk.o
    0x08005874   0x08005874   0x00000078   Code   RO          320    .text.hline_clip    gfx_mk.o
    0x080058ec   0x080058ec   0x00000024   Code   RO          770    .text.i2c2DataRW    i2c2.o
    0x08005910   0x08005910   0x00000058   Code   RO          768    .text.i2c2Start     i2c2.o
    0x08005968   0x08005968   0x000000b0   Code   RO         1089    .text.i2cDataRW     i2c1.o
    0x08005a18   0x08005a18   0x00000068   Code   RO         1087    .text.initI2c1      i2c1.o
    0x08005a80   0x08005a80   0x00000064   Code   RO          766    .text.initI2c2      i2c2.o
    0x08005ae4   0x08005ae4   0x00000054   Code   RO          786    .text.initSpi_1     spi1.o
    0x08005b38   0x08005b38   0x0000003c   Code   RO          925    .text.initSpi_2     superloop_player.o
    0x08005b74   0x08005b74   0x00000104   Code   RO          949    .text.loadFreqToFpga  superloop_player.o
    0x08005c78   0x08005c78   0x00000060   Code   RO          951    .text.loadMultToFpga  superloop_player.o
    0x08005cd8   0x08005cd8   0x0000003e   Code   RO           58    .text.main          main.o
    0x08005d16   0x08005d16   0x00000002   PAD
    0x08005d18   0x08005d18   0x00000078   Code   RO         1109    .text.mainFSMfunction  mainfsm.o
    0x08005d90   0x08005d90   0x000000d8   Code   RO         1162    .text.maintask      superloop_acc.o
    0x08005e68   0x08005e68   0x0000003e   Code   RO          360    .text.matchfont     gfx_mk.o
    0x08005ea6   0x08005ea6   0x0000002a   Code   RO          228    .text.mf_bwfont_character_width  gfx_mk.o
    0x08005ed0   0x08005ed0   0x0000016c   Code   RO          230    .text.mf_bwfont_render_character  gfx_mk.o
    0x0800603c   0x0800603c   0x00000018   Code   RO          242    .text.mf_character_width  gfx_mk.o
    0x08006054   0x08006054   0x00000042   Code   RO          262    .text.mf_get_string_width  gfx_mk.o
    0x08006096   0x08006096   0x00000002   PAD
    0x08006098   0x08006098   0x00000148   Code   RO          266    .text.mf_render_aligned  gfx_mk.o
    0x080061e0   0x080061e0   0x00000032   Code   RO          240    .text.mf_render_character  gfx_mk.o
    0x08006212   0x08006212   0x00000012   Code   RO          232    .text.mf_rlefont_character_width  gfx_mk.o
    0x08006224   0x08006224   0x0000009e   Code   RO          234    .text.mf_rlefont_render_character  gfx_mk.o
    0x080062c2   0x080062c2   0x00000036   Code   RO          264    .text.mf_round_to_tab  gfx_mk.o
    0x080062f8   0x080062f8   0x00000014   Code   RO          236    .text.mf_scaled_character_width  gfx_mk.o
    0x0800630c   0x0800630c   0x00000040   Code   RO          238    .text.mf_scaled_render_character  gfx_mk.o
    0x0800634c   0x0800634c   0x00000024   Code   RO          828    .text.playSectorsStatus  superloop_comm.o
    0x08006370   0x08006370   0x00000074   Code   RO          814    .text.procCmdFromUsb  superloop_comm.o
    0x080063e4   0x080063e4   0x0000003c   Code   RO          820    .text.rdFlash       superloop_comm.o
    0x08006420   0x08006420   0x00000024   Code   RO          822    .text.rdPlayFiles   superloop_comm.o
    0x08006444   0x08006444   0x0000002a   Code   RO          715    .text.read_word     gmouse_lld_ft6x06.o
    0x0800646e   0x0800646e   0x00000002   PAD
    0x08006470   0x08006470   0x00000050   Code   RO          713    .text.read_xyz      gmouse_lld_ft6x06.o
    0x080064c0   0x080064c0   0x0000004a   Code   RO          268    .text.render_left   gfx_mk.o
    0x0800650a   0x0800650a   0x0000004c   Code   RO          254    .text.scaled_pixel_callback  gfx_mk.o
    0x08006556   0x08006556   0x00000002   PAD
    0x08006558   0x08006558   0x0000000c   Code   RO           82    .text.send_data     gdisp_lld_ili9341.o
    0x08006564   0x08006564   0x00000090   Code   RO           29    .text.setSystemClock  boardsetup.o
    0x080065f4   0x080065f4   0x00000022   Code   RO          628    .text.skip_pixels   gfx_mk.o
    0x08006616   0x08006616   0x00000002   PAD
    0x08006618   0x08006618   0x00000014   Code   RO          796    .text.spi1FifoClr   spi1.o
    0x0800662c   0x0800662c   0x0000003c   Code   RO          788    .text.spi1Receive   spi1.o
    0x08006668   0x08006668   0x0000003c   Code   RO          790    .text.spi1Transmit  spi1.o
    0x080066a4   0x080066a4   0x00000088   Code   RO          792    .text.spi1TransmitReceive  spi1.o
    0x0800672c   0x0800672c   0x00000014   Code   RO          929    .text.spi2FifoClr   superloop_player.o
    0x08006740   0x08006740   0x00000040   Code   RO          927    .text.spi2Transmit  superloop_player.o
    0x08006780   0x08006780   0x00000034   Code   RO          794    .text.spiByteModeEnable  spi1.o
    0x080067b4   0x080067b4   0x0000001c   Code   RO          953    .text.startFpga     superloop_player.o
    0x080067d0   0x080067d0   0x00000050   Code   RO           41    .text.switchDisplayInterfacePinsToPwr  boardsetup.o
    0x08006820   0x08006820   0x00000002   Code   RO           45    .text.switchOUTStageInterfacePinsToPwr  boardsetup.o
    0x08006822   0x08006822   0x00000002   PAD
    0x08006824   0x08006824   0x00000020   Code   RO           43    .text.switchSPI1InterfacePinsToPwr  boardsetup.o
    0x08006844   0x08006844   0x00000040   Code   RO          931    .text.tim3Init      superloop_player.o
    0x08006884   0x08006884   0x0000004e   Code   RO          939    .text.timeToString  superloop_player.o
    0x080068d2   0x080068d2   0x00000002   PAD
    0x080068d4   0x080068d4   0x0000006c   Code   RO          810    .text.uart1Init     superloop_comm.o
    0x08006940   0x08006940   0x00000078   Code   RO          326    .text.vline_clip    gfx_mk.o
    0x080069b8   0x080069b8   0x00000002   Code   RO         1182    .text.voidfun8      i2c_common.o
    0x080069ba   0x080069ba   0x00000002   PAD
    0x080069bc   0x080069bc   0x00000060   Code   RO          816    .text.wrConfFile    superloop_comm.o
    0x08006a1c   0x08006a1c   0x00000080   Code   RO          836    .text.wrPage        superloop_comm.o
    0x08006a9c   0x08006a9c   0x0000006c   Code   RO          818    .text.wrPlayFiles   superloop_comm.o
    0x08006b08   0x08006b08   0x00000008   Code   RO           80    .text.write_data    gdisp_lld_ili9341.o
    0x08006b10   0x08006b10   0x0000003c   Code   RO           78    .text.write_index   gdisp_lld_ili9341.o
    0x08006b4c   0x08006b4c   0x0000005a   Code   RO          626    .text.write_pixels  gfx_mk.o
    0x08006ba6   0x08006ba6   0x00000104   Code   RO          624    .text.write_ref_codeword  gfx_mk.o
    0x08006caa   0x08006caa   0x00000022   Code   RO         1321    i.__ARM_fpclassifyf  m_ps.l(fpclassifyf.o)
    0x08006ccc   0x08006ccc   0x0000000e   Code   RO         1323    i.__mathlib_flt_divzero  m_ps.l(funder.o)
    0x08006cda   0x08006cda   0x00000008   Code   RO         1325    i.__mathlib_flt_infnan2  m_ps.l(funder.o)
    0x08006ce2   0x08006ce2   0x0000000c   Code   RO         1326    i.__mathlib_flt_invalid  m_ps.l(funder.o)
    0x08006cee   0x08006cee   0x0000000e   Code   RO         1327    i.__mathlib_flt_overflow  m_ps.l(funder.o)
    0x08006cfc   0x08006cfc   0x0000000e   Code   RO         1329    i.__mathlib_flt_underflow  m_ps.l(funder.o)
    0x08006d0a   0x08006d0a   0x00000002   PAD
    0x08006d0c   0x08006d0c   0x00000620   Code   RO         1278    i.powf              m_ps.l(powf.o)
    0x0800732c   0x0800732c   0x0000008c   Code   RO         1303    x$fpl$fadd          fz_ps.l(faddsub.o)
    0x080073b8   0x080073b8   0x000000b0   Code   RO         1314    x$fpl$fmul          fz_ps.l(fmul.o)
    0x08007468   0x08007468   0x00000018   Code   RO         1304    x$fpl$frsb          fz_ps.l(faddsub.o)
    0x08007480   0x08007480   0x000000d0   Code   RO         1305    x$fpl$fsub          fz_ps.l(faddsub.o)
    0x08007550   0x08007550   0x00000000   Code   RO         1320    x$fpl$usenofp       fz_ps.l(usenofp.o)
    0x08007550   0x08007550   0x00000140   Data   RO         1279    .constdata          m_ps.l(powf.o)
    0x08007690   0x08007690   0x00000040   Data   RO         1310    .constdata          fz_ps.l(fdiv.o)
    0x080076d0   0x080076d0   0x00000018   Data   RO          994    .rodata.BQ28z610InitData  driverbq28z610.o
    0x080076e8   0x080076e8   0x00000064   Data   RO          980    .rodata.BatteryCurrentSetting  battery.o
    0x0800774c   0x0800774c   0x00000010   Data   RO          979    .rodata.BatteryTempRanges  battery.o
    0x0800775c   0x0800775c   0x00000010   Data   RO          978    .rodata.BatteryVoltageRanges  battery.o
    0x0800776c   0x0800776c   0x0000001c   Data   RO          682    .rodata.BlackWidgetStyle  gfx_mk.o
    0x08007788   0x08007788   0x00000060   Data   RO           84    .rodata.GDISPVMT_OnlyOne  gdisp_lld_ili9341.o
    0x080077e8   0x080077e8   0x0000003c   Data   RO          717    .rodata.GMOUSEVMT_OnlyOne  gmouse_lld_ft6x06.o
    0x08007824   0x08007824   0x00000004   Data   RO          684    .rodata.GNullWindowManager  gfx_mk.o
    0x08007828   0x08007828   0x00000024   Data   RO          685    .rodata.GNullWindowManagerVMT  gfx_mk.o
    0x0800784c   0x0800784c   0x00000040   Data   RO         1209    .rodata.PWR2_TransitionKeys  board_powermodes.o
    0x0800788c   0x0800788c   0x00000080   Data   RO          699    .rodata.StartupLogoDisplay.blks  gfx_mk.o
    0x0800790c   0x0800790c   0x00000068   Data   RO         1051    .rodata.TPS65982_6InitData  drivertps65982_6.o
    0x08007974   0x08007974   0x00000050   Data   RO         1117    .rodata.TransitionKeys  mainfsm.o
    0x080079c4   0x080079c4   0x00000008   Data   RO         1053    .rodata.USBCurrents  drivertps65982_6.o
    0x080079cc   0x080079cc   0x0000001c   Data   RO          681    .rodata.WhiteWidgetStyle  gfx_mk.o
    0x080079e8   0x080079e8   0x000000b8   Data   RO         1148    .rodata.bq25703InitData  regbq25703a.o
    0x08007aa0   0x08007aa0   0x00000024   Data   RO          686    .rodata.buttonVMT   gfx_mk.o
    0x08007ac4   0x08007ac4   0x00000003   Data   RO         1072    .rodata.i2c_Devices  i2c_api.o
    0x08007ac7   0x08007ac7   0x00000003   Data   RO         1073    .rodata.i2c_DevicesAddr  i2c_api.o
    0x08007aca   0x08007aca   0x00000002   PAD
    0x08007acc   0x08007acc   0x00000024   Data   RO          687    .rodata.labelVMT    gfx_mk.o
    0x08007af0   0x08007af0   0x00000024   Data   RO          688    .rodata.listVMT     gfx_mk.o
    0x08007b14   0x08007b14   0x00000024   Data   RO          668    .rodata.mf_bwfont_fixed_10x20  gfx_mk.o
    0x08007b38   0x08007b38   0x00000018   Data   RO          667    .rodata.mf_bwfont_fixed_10x20_char_ranges  gfx_mk.o
    0x08007b50   0x08007b50   0x00000891   Data   RO          693    .rodata.mf_bwfont_fixed_10x20_glyph_data_0  gfx_mk.o
    0x080083e1   0x080083e1   0x00000001   PAD
    0x080083e2   0x080083e2   0x000000c0   Data   RO          692    .rodata.mf_bwfont_fixed_10x20_glyph_offsets_0  gfx_mk.o
    0x080084a2   0x080084a2   0x0000005f   Data   RO          691    .rodata.mf_bwfont_fixed_10x20_glyph_widths_0  gfx_mk.o
    0x08008501   0x08008501   0x00000003   PAD
    0x08008504   0x08008504   0x00000008   Data   RO          698    .rodata.mf_bwfont_fixed_10x20_listentry  gfx_mk.o
    0x0800850c   0x0800850c   0x00000030   Data   RO          672    .rodata.mf_rlefont_UI2  gfx_mk.o
    0x0800853c   0x0800853c   0x00000024   Data   RO          674    .rodata.mf_rlefont_UI2_Double  gfx_mk.o
    0x08008560   0x08008560   0x00000008   Data   RO          697    .rodata.mf_rlefont_UI2_Double_listentry  gfx_mk.o
    0x08008568   0x08008568   0x00000024   Data   RO          673    .rodata.mf_rlefont_UI2_Narrow  gfx_mk.o
    0x0800858c   0x0800858c   0x00000008   Data   RO          696    .rodata.mf_rlefont_UI2_Narrow_listentry  gfx_mk.o
    0x08008594   0x08008594   0x0000000c   Data   RO          671    .rodata.mf_rlefont_UI2_char_ranges  gfx_mk.o
    0x080085a0   0x080085a0   0x0000009f   Data   RO          669    .rodata.mf_rlefont_UI2_dictionary_data  gfx_mk.o
    0x0800863f   0x0800863f   0x00000001   PAD
    0x08008640   0x08008640   0x0000007c   Data   RO          670    .rodata.mf_rlefont_UI2_dictionary_offsets  gfx_mk.o
    0x080086bc   0x080086bc   0x00000336   Data   RO          695    .rodata.mf_rlefont_UI2_glyph_data_0  gfx_mk.o
    0x080089f2   0x080089f2   0x000000be   Data   RO          694    .rodata.mf_rlefont_UI2_glyph_offsets_0  gfx_mk.o
    0x08008ab0   0x08008ab0   0x00000008   Data   RO          675    .rodata.mf_rlefont_UI2_listentry  gfx_mk.o
    0x08008ab8   0x08008ab8   0x00000002   Data   RO         1074    .rodata.optype      i2c_api.o
    0x08008aba   0x08008aba   0x00000073   Data   RO          666    .rodata.str1.1      gfx_mk.o
    0x08008b2d   0x08008b2d   0x0000001c   Data   RO          749    .rodata.str1.1      superloopdisplay.o
    0x08008b49   0x08008b49   0x00000003   PAD
    0x08008b4c   0x08008b4c   0x00000020   Data   RO         1511    Region$$Table       anon$$obj.o


    Execution Region RW_IRAM1 (Exec base: 0x20000000, Load base: 0x08008b70, Size: 0x00001a28, Max: 0x00002000, ABSOLUTE)

    Exec Addr    Load Addr    Size         Type   Attr      Idx    E Section Name        Object

    0x20000000   0x08008b70   0x00000012   Data   RW          753    .data..L_MergedGlobals  superloopdisplay.o
    0x20000012   0x08008b82   0x00000002   Data   RW         1119    .data..L_MergedGlobals  mainfsm.o
    0x20000014   0x08008b84   0x00000004   Data   RW            6    .data.SystemCoreClock  system_stm32g0xx.o
    0x20000018   0x08008b88   0x00000002   Data   RW          679    .data.defaultFgColor  gfx_mk.o
    0x2000001a   0x08008b8a   0x00000002   PAD
    0x2000001c   0x08008b8c   0x00000004   Data   RW          683    .data.defaultStyle  gfx_mk.o
    0x20000020   0x08008b90   0x00000001   Data   RW         1168    .data.maintaskstate  superloop_acc.o
    0x20000021   0x08008b91   0x00000003   PAD
    0x20000024   0x08008b94   0x00000004   Data   RW          798    .data.txallowed     spi1.o
    0x20000028   0x08008b98   0x0000000b   Data   RW         1169    .data.u8_11_ff      superloop_acc.o
    0x20000033   0x08008ba3   0x00000005   PAD
    0x20000038        -       0x00000060   Zero   RW         1362    .bss                c_p.l(libspace.o)
    0x20000098        -       0x0000000c   Zero   RW           48    .bss..L_MergedGlobals  boardsetup.o
    0x200000a4        -       0x0000007c   Zero   RW          700    .bss..L_MergedGlobals  gfx_mk.o
    0x20000120        -       0x00000016   Zero   RW          776    .bss..L_MergedGlobals  i2c2.o
    0x20000136   0x08008ba3   0x00000002   PAD
    0x20000138        -       0x00000018   Zero   RW          847    .bss..L_MergedGlobals  superloop_comm.o
    0x20000150        -       0x00000034   Zero   RW          964    .bss..L_MergedGlobals  superloop_player.o
    0x20000184        -       0x00000008   Zero   RW         1029    .bss..L_MergedGlobals  driverbq25703.o
    0x2000018c        -       0x00000049   Zero   RW         1054    .bss..L_MergedGlobals  drivertps65982_6.o
    0x200001d5   0x08008ba3   0x00000003   PAD
    0x200001d8        -       0x0000000c   Zero   RW         1075    .bss..L_MergedGlobals  i2c_api.o
    0x200001e4        -       0x00000012   Zero   RW         1097    .bss..L_MergedGlobals  i2c1.o
    0x200001f6        -       0x0000000a   Zero   RW         1170    .bss..L_MergedGlobals  superloop_acc.o
    0x20000200        -       0x00000008   Zero   RW         1210    .bss..L_MergedGlobals  board_powermodes.o
    0x20000208        -       0x00000024   Zero   RW         1120    .bss..L_MergedGlobals.1  mainfsm.o
    0x2000022c        -       0x00000068   Zero   RW          701    .bss..L_MergedGlobals.10  gfx_mk.o
    0x20000294        -       0x00000070   Zero   RW          754    .bss..L_MergedGlobals.21  superloopdisplay.o
    0x20000304        -       0x00000200   Zero   RW          677    .bss.Assignments    gfx_mk.o
    0x20000504        -       0x00000002   Zero   RW         1026    .bss.BQ25703_ADCIBAT_Read.data16  driverbq25703.o
    0x20000506        -       0x00000002   Zero   RW         1027    .bss.BQ25703_ADCVSYSVBAT_Read.data16  driverbq25703.o
    0x20000508        -       0x00000002   Zero   RW         1028    .bss.BQ25703_Read.dataRead  driverbq25703.o
    0x2000050a        -       0x00000002   Zero   RW          995    .bss.BQ28z610_Read.dataRead  driverbq28z610.o
    0x2000050c        -       0x00000008   Zero   RW         1208    .bss.FDMD_Power     board_powermodes.o
    0x20000514        -       0x00000001   Zero   RW          963    .bss.SLPl_FSM_State  superloop_player.o
    0x20000515        -       0x00000001   Zero   RW           47    .bss.SystemStatus   boardsetup.o
    0x20000516        -       0x00000032   Zero   RW          844    .bss.debArr1        superloop_comm.o
    0x20000548        -       0x000000ce   Zero   RW          845    .bss.debArr2        superloop_comm.o
    0x20000616        -       0x00000032   Zero   RW          750    .bss.fileName       superloopdisplay.o
    0x20000648        -       0x00000004   Zero   RW          676    .bss.fontList       gfx_mk.o
    0x2000064c        -       0x00000004   Zero   RW          665    .bss.freeSlots      gfx_mk.o
    0x20000650        -       0x00000400   Zero   RW          664    .bss.heap           gfx_mk.o
    0x20000a50        -       0x00000001   Zero   RW         1118    .bss.mainFSMfunction.state  mainfsm.o
    0x20000a51   0x08008ba3   0x00000007   PAD
    0x20000a58        -       0x000000a0   Zero   RW          690    .bss.maincxt        gfx_mk.o
    0x20000af8        -       0x00000001   Zero   RW          752    .bss.spiDispCapture  superloopdisplay.o
    0x20000af9        -       0x00000100   Zero   RW          842    .bss.usbRxBuff0     superloop_comm.o
    0x20000bf9        -       0x00000100   Zero   RW          843    .bss.usbRxBuff1     superloop_comm.o
    0x20000cf9   0x08008ba3   0x00000003   PAD
    0x20000cfc        -       0x00000028   Zero   RW          909    .bss.w25qxx         w25qxx.o
    0x20000d24        -       0x00000800   Zero   RW          678    .bss.waTimerThread  gfx_mk.o
    0x20001524   0x08008ba3   0x00000004   PAD
    0x20001528        -       0x00000100   Zero   RW           18    HEAP                startup_stm32g030xx.o
    0x20001628        -       0x00000400   Zero   RW           17    STACK               startup_stm32g030xx.o


==============================================================================

Image component sizes


      Code (inc. data)   RO Data    RW Data    ZI Data      Debug   Object Name

        94         16        132          0          0       1236   battery.o
       464         42         64          0         16       6783   board_powermodes.o
       788         96          0          0         13       5847   boardsetup.o
       580         24          0          0         14       4755   driverbq25703.o
        80         16         24          0          2       1806   driverbq28z610.o
       420         28        112          0         73       5416   drivertps65982_6.o
      1186         64         96          0          0       6600   gdisp_lld_ili9341.o
     12650        276       4446          6       3980     103643   gfx_mk.o
       134          4         60          0          0       3596   gmouse_lld_ft6x06.o
       612         60          0          0         18       5582   i2c1.o
       588         60          0          0         22       5198   i2c2.o
       292         28          8          0         12       3575   i2c_api.o
         2          0          0          0          0        632   i2c_common.o
        62          0          0          0          0        428   main.o
       860         60         80          2         37       5339   mainfsm.o
        64          0        184          0          0       2033   regbq25703a.o
       412         28          0          4          0       4586   spi1.o
        56         26        192          0       1280        668   startup_stm32g030xx.o
       284         40          0         12         10       2796   superloop_acc.o
      1158         84          0          0        792       6966   superloop_comm.o
      1808        162          0          0         53       9493   superloop_player.o
      1408        220         28         18        163       7040   superloopdisplay.o
        16          4          0          4          0       2204   system_stm32g0xx.o
      1370         62          0          0         40      11109   w25qxx.o

    ----------------------------------------------------------------------
     25446       1400       5468         52       6548     207331   Object Totals
         0          0         32          0          0          0   (incl. Generated)
        58          0         10          6         23          0   (incl. Padding)

    ----------------------------------------------------------------------

      Code (inc. data)   RO Data    RW Data    ZI Data      Debug   Library Member Name

         8          0          0          0          0         68   __main.o
         0          0          0          0          0          0   __rtentry.o
        12          0          0          0          0          0   __rtentry2.o
         6          0          0          0          0          0   __rtentry4.o
        60          8          0          0          0          0   __scatter.o
        26          0          0          0          0          0   __scatter_copy.o
        28          0          0          0          0          0   __scatter_zi.o
        10          0          0          0          0          0   _printf_d.o
       108         18          0          0          0         76   _printf_dec.o
       176          0          0          0          0         84   _printf_intcommon.o
         2          0          0          0          0          0   _printf_percent.o
         4          0          0          0          0          0   _printf_percent_end.o
        22          0          0          0          0         92   _rserrno.o
       346          0          0          0          0         92   aeabi_sdiv.o
        16          0          0          0          0         68   exit.o
         6          0          0          0          0        136   heapauxi.o
         0          0          0          0          0          0   indicate_semi.o
         2          0          0          0          0          0   libinit.o
         2          0          0          0          0          0   libinit2.o
         2          0          0          0          0          0   libshutdown.o
         2          0          0          0          0          0   libshutdown2.o
         8          4          0          0         96         68   libspace.o
         8          4          0          0          0         68   rt_errno_addr_intlibspace.o
        64          0          0          0          0        108   rt_memclr.o
       186          0          0          0          0        144   rt_memcpy.o
         2          0          0          0          0          0   rtexit.o
        10          0          0          0          0          0   rtexit2.o
        40          0          0          0          0         60   rtudiv10.o
        76          6          0          0          0         72   strcpy.o
        68          6          0          0          0         72   strlen.o
        12          4          0          0          0         60   sys_exit.o
        62          0          0          0          0         80   sys_stackheap_outer.o
         2          0          0          0          0         68   use_no_semi.o
       372          8          0          0          0        240   faddsub.o
       352         10         64          0          0         92   fdiv.o
       138          0          0          0          0         72   ffixir.o
        48          0          0          0          0         60   ffixui.o
        94          0          0          0          0         92   fflti.o
       176          4          0          0          0         80   fmul.o
        68          4          0          0          0         68   fscalbn.o
        94          0          0          0          0         92   setjmp.o
         0          0          0          0          0          0   usenofp.o
        34          0          0          0          0         60   fpclassifyf.o
        62          0          0          0          0        340   funder.o
      1568         92        320          0          0        172   powf.o

    ----------------------------------------------------------------------
      4394        168        384          0         96       2784   Library Totals
        12          0          0          0          0          0   (incl. Padding)

    ----------------------------------------------------------------------

      Code (inc. data)   RO Data    RW Data    ZI Data      Debug   Library Name

      1376         50          0          0         96       1416   c_p.l
      1342         26         64          0          0        796   fz_ps.l
      1664         92        320          0          0        572   m_ps.l

    ----------------------------------------------------------------------
      4394        168        384          0         96       2784   Library Totals

    ----------------------------------------------------------------------

==============================================================================


      Code (inc. data)   RO Data    RW Data    ZI Data      Debug   

     29840       1568       5852         52       6644     208375   Grand Totals
     29840       1568       5852         52       6644     208375   ELF Image Totals
     29840       1568       5852         52          0          0   ROM Totals

==============================================================================

    Total RO  Size (Code + RO Data)                35692 (  34.86kB)
    Total RW  Size (RW Data + ZI Data)              6696 (   6.54kB)
    Total ROM Size (Code + RO Data + RW Data)      35744 (  34.91kB)

==============================================================================

